Archive member included to satisfy reference by file (symbol)

c:/program files (x86)/atmel/studio/7.0/toolchain/arm/arm-gnu-toolchain/bin/../lib/gcc/arm-none-eabi/5.3.1/../../../../arm-none-eabi/lib/armv7e-m\libc.a(lib_a-exit.o)
                              c:/program files (x86)/atmel/studio/7.0/toolchain/arm/arm-gnu-toolchain/bin/../lib/gcc/arm-none-eabi/5.3.1/../../../../arm-none-eabi/lib/armv7e-m/crt0.o (exit)
c:/program files (x86)/atmel/studio/7.0/toolchain/arm/arm-gnu-toolchain/bin/../lib/gcc/arm-none-eabi/5.3.1/../../../../arm-none-eabi/lib/armv7e-m\libc.a(lib_a-impure.o)
                              c:/program files (x86)/atmel/studio/7.0/toolchain/arm/arm-gnu-toolchain/bin/../lib/gcc/arm-none-eabi/5.3.1/../../../../arm-none-eabi/lib/armv7e-m\libc.a(lib_a-exit.o) (_global_impure_ptr)
c:/program files (x86)/atmel/studio/7.0/toolchain/arm/arm-gnu-toolchain/bin/../lib/gcc/arm-none-eabi/5.3.1/../../../../arm-none-eabi/lib/armv7e-m\libc.a(lib_a-init.o)
                              c:/program files (x86)/atmel/studio/7.0/toolchain/arm/arm-gnu-toolchain/bin/../lib/gcc/arm-none-eabi/5.3.1/../../../../arm-none-eabi/lib/armv7e-m/crt0.o (__libc_init_array)
c:/program files (x86)/atmel/studio/7.0/toolchain/arm/arm-gnu-toolchain/bin/../lib/gcc/arm-none-eabi/5.3.1/../../../../arm-none-eabi/lib/armv7e-m\libc.a(lib_a-iprintf.o)
                              src/ASF/sam/utils/syscalls/gcc/syscalls.o (iprintf)
c:/program files (x86)/atmel/studio/7.0/toolchain/arm/arm-gnu-toolchain/bin/../lib/gcc/arm-none-eabi/5.3.1/../../../../arm-none-eabi/lib/armv7e-m\libc.a(lib_a-itoa.o)
                              src/main.o (itoa)
c:/program files (x86)/atmel/studio/7.0/toolchain/arm/arm-gnu-toolchain/bin/../lib/gcc/arm-none-eabi/5.3.1/../../../../arm-none-eabi/lib/armv7e-m\libc.a(lib_a-memset.o)
                              c:/program files (x86)/atmel/studio/7.0/toolchain/arm/arm-gnu-toolchain/bin/../lib/gcc/arm-none-eabi/5.3.1/../../../../arm-none-eabi/lib/armv7e-m/crt0.o (memset)
c:/program files (x86)/atmel/studio/7.0/toolchain/arm/arm-gnu-toolchain/bin/../lib/gcc/arm-none-eabi/5.3.1/../../../../arm-none-eabi/lib/armv7e-m\libc.a(lib_a-utoa.o)
                              c:/program files (x86)/atmel/studio/7.0/toolchain/arm/arm-gnu-toolchain/bin/../lib/gcc/arm-none-eabi/5.3.1/../../../../arm-none-eabi/lib/armv7e-m\libc.a(lib_a-itoa.o) (__utoa)
c:/program files (x86)/atmel/studio/7.0/toolchain/arm/arm-gnu-toolchain/bin/../lib/gcc/arm-none-eabi/5.3.1/../../../../arm-none-eabi/lib/armv7e-m\libc.a(lib_a-vfiprintf.o)
                              c:/program files (x86)/atmel/studio/7.0/toolchain/arm/arm-gnu-toolchain/bin/../lib/gcc/arm-none-eabi/5.3.1/../../../../arm-none-eabi/lib/armv7e-m\libc.a(lib_a-iprintf.o) (_vfiprintf_r)
c:/program files (x86)/atmel/studio/7.0/toolchain/arm/arm-gnu-toolchain/bin/../lib/gcc/arm-none-eabi/5.3.1/../../../../arm-none-eabi/lib/armv7e-m\libc.a(lib_a-wsetup.o)
                              c:/program files (x86)/atmel/studio/7.0/toolchain/arm/arm-gnu-toolchain/bin/../lib/gcc/arm-none-eabi/5.3.1/../../../../arm-none-eabi/lib/armv7e-m\libc.a(lib_a-vfiprintf.o) (__swsetup_r)
c:/program files (x86)/atmel/studio/7.0/toolchain/arm/arm-gnu-toolchain/bin/../lib/gcc/arm-none-eabi/5.3.1/../../../../arm-none-eabi/lib/armv7e-m\libc.a(lib_a-__call_atexit.o)
                              c:/program files (x86)/atmel/studio/7.0/toolchain/arm/arm-gnu-toolchain/bin/../lib/gcc/arm-none-eabi/5.3.1/../../../../arm-none-eabi/lib/armv7e-m\libc.a(lib_a-exit.o) (__call_exitprocs)
c:/program files (x86)/atmel/studio/7.0/toolchain/arm/arm-gnu-toolchain/bin/../lib/gcc/arm-none-eabi/5.3.1/../../../../arm-none-eabi/lib/armv7e-m\libc.a(lib_a-atexit.o)
                              c:/program files (x86)/atmel/studio/7.0/toolchain/arm/arm-gnu-toolchain/bin/../lib/gcc/arm-none-eabi/5.3.1/../../../../arm-none-eabi/lib/armv7e-m\libc.a(lib_a-__call_atexit.o) (atexit)
c:/program files (x86)/atmel/studio/7.0/toolchain/arm/arm-gnu-toolchain/bin/../lib/gcc/arm-none-eabi/5.3.1/../../../../arm-none-eabi/lib/armv7e-m\libc.a(lib_a-fflush.o)
                              c:/program files (x86)/atmel/studio/7.0/toolchain/arm/arm-gnu-toolchain/bin/../lib/gcc/arm-none-eabi/5.3.1/../../../../arm-none-eabi/lib/armv7e-m\libc.a(lib_a-vfiprintf.o) (_fflush_r)
c:/program files (x86)/atmel/studio/7.0/toolchain/arm/arm-gnu-toolchain/bin/../lib/gcc/arm-none-eabi/5.3.1/../../../../arm-none-eabi/lib/armv7e-m\libc.a(lib_a-findfp.o)
                              c:/program files (x86)/atmel/studio/7.0/toolchain/arm/arm-gnu-toolchain/bin/../lib/gcc/arm-none-eabi/5.3.1/../../../../arm-none-eabi/lib/armv7e-m\libc.a(lib_a-vfiprintf.o) (__sinit)
c:/program files (x86)/atmel/studio/7.0/toolchain/arm/arm-gnu-toolchain/bin/../lib/gcc/arm-none-eabi/5.3.1/../../../../arm-none-eabi/lib/armv7e-m\libc.a(lib_a-fini.o)
[...]
Memory Configuration

Name             Origin             Length             Attributes
rom              0x00400000         0x00200000         xr
ram              0x20000000         0x00028000         xrw
*default*        0x00000000         0xffffffff

Linker script and memory map

LOAD c:/program files (x86)/atmel/studio/7.0/toolchain/arm/arm-gnu-toolchain/bin/../lib/gcc/arm-none-eabi/5.3.1/armv7e-m/crti.o
LOAD c:/program files (x86)/atmel/studio/7.0/toolchain/arm/arm-gnu-toolchain/bin/../lib/gcc/arm-none-eabi/5.3.1/armv7e-m/crtbegin.o
LOAD c:/program files (x86)/atmel/studio/7.0/toolchain/arm/arm-gnu-toolchain/bin/../lib/gcc/arm-none-eabi/5.3.1/../../../../arm-none-eabi/lib/armv7e-m/crt0.o
LOAD src/ASF/common/components/display/ssd1306/font.o
LOAD src/ASF/common/components/display/ssd1306/ssd1306.o
LOAD src/ASF/common/services/delay/sam/cycle_counter.o
LOAD src/ASF/common/services/spi/sam_spi/spi_master.o
LOAD src/ASF/sam/drivers/pwm/pwm.o
LOAD src/ASF/common/services/clock/sam4s/sysclk.o
LOAD src/ASF/common/utils/interrupt/interrupt_sam_nvic.o
LOAD src/ASF/sam/boards/sam4s_xplained_pro/init.o
LOAD src/ASF/sam/drivers/pio/pio.o
LOAD src/ASF/sam/drivers/pio/pio_handler.o
LOAD src/ASF/sam/drivers/pmc/pmc.o
LOAD src/ASF/sam/drivers/pmc/sleep.o
LOAD src/ASF/sam/drivers/spi/spi.o
LOAD src/ASF/sam/drivers/wdt/wdt.o
LOAD src/ASF/sam/utils/cmsis/sam4s/source/templates/gcc/startup_sam4s.o
LOAD src/ASF/sam/utils/cmsis/sam4s/source/templates/system_sam4s.o
LOAD src/ASF/sam/utils/syscalls/gcc/syscalls.o
LOAD src/main.o
START GROUP
LOAD ../src/ASF/thirdparty/CMSIS/Lib/GCC\libarm_cortexM4l_math.a
LOAD c:/program files (x86)/atmel/studio/7.0/toolchain/arm/arm-gnu-toolchain/bin/../lib/gcc/arm-none-eabi/5.3.1/../../../../arm-none-eabi/lib/armv7e-m\libm.a
END GROUP
START GROUP
LOAD c:/program files (x86)/atmel/studio/7.0/toolchain/arm/arm-gnu-toolchain/bin/../lib/gcc/arm-none-eabi/5.3.1/armv7e-m\libgcc.a
LOAD c:/program files (x86)/atmel/studio/7.0/toolchain/arm/arm-gnu-toolchain/bin/../lib/gcc/arm-none-eabi/5.3.1/../../../../arm-none-eabi/lib/armv7e-m\libc.a
END GROUP
LOAD c:/program files (x86)/atmel/studio/7.0/toolchain/arm/arm-gnu-toolchain/bin/../lib/gcc/arm-none-eabi/5.3.1/armv7e-m/crtend.o
LOAD c:/program files (x86)/atmel/studio/7.0/toolchain/arm/arm-gnu-toolchain/bin/../lib/gcc/arm-none-eabi/5.3.1/armv7e-m/crtn.o
                0x00003000                __stack_size__ = DEFINED (__stack_size__)?__stack_size__:0x3000
                0x20027ffc                __ram_end__ = ((ORIGIN (ram) + LENGTH (ram)) - 0x4)

.text           0x00400000     0x2304
                0x00400000                . = ALIGN (0x4)
                0x00400000                _sfixed = .
 *(.vectors .vectors.*)
 .vectors       0x00400000       0xcc src/ASF/sam/utils/cmsis/sam4s/source/templates/gcc/startup_sam4s.o
                0x00400000                exception_table
 *(.text .text.* .gnu.linkonce.t.*)
 .text          0x004000cc       0x5c c:/program files (x86)/atmel/studio/7.0/toolchain/arm/arm-gnu-toolchain/bin/../lib/gcc/arm-none-eabi/5.3.1/armv7e-m/crtbegin.o
 .text.ssd1306_write_command
                0x00400128       0x48 src/ASF/common/components/display/ssd1306/ssd1306.o
 .text.ssd1306_init
                0x00400170       0xb8 src/ASF/common/components/display/ssd1306/ssd1306.o
                0x00400170                ssd1306_init
 .text.ssd1306_write_text
                0x00400228       0xb0 src/ASF/common/components/display/ssd1306/ssd1306.o
                0x00400228                ssd1306_write_text
 .text.spi_master_init
                0x004002d8       0x54 src/ASF/common/services/spi/sam_spi/spi_master.o
                0x004002d8                spi_master_init
 .text.spi_master_setup_device
                0x0040032c       0x80 src/ASF/common/services/spi/sam_spi/spi_master.o
                0x0040032c                spi_master_setup_device
 .text.spi_select_device
                0x004003ac       0x2c src/ASF/common/services/spi/sam_spi/spi_master.o
                0x004003ac                spi_select_device
 .text.spi_deselect_device
                0x004003d8       0x20 src/ASF/common/services/spi/sam_spi/spi_master.o
                0x004003d8                spi_deselect_device
 .text.pwm_clocks_generate
                0x004003f8       0x54 src/ASF/sam/drivers/pwm/pwm.o
 .text.pwm_init
                0x0040044c       0x4c src/ASF/sam/drivers/pwm/pwm.o
                0x0040044c                pwm_init
 .text.pwm_channel_init
                0x00400498       0xe8 src/ASF/sam/drivers/pwm/pwm.o
                0x00400498                pwm_channel_init
 .text.pwm_channel_update_duty
                0x00400580       0x1c src/ASF/sam/drivers/pwm/pwm.o
                0x00400580                pwm_channel_update_duty
 .text.pwm_channel_enable
                0x0040059c        0xc src/ASF/sam/drivers/pwm/pwm.o
                0x0040059c                pwm_channel_enable
 .text.pwm_channel_disable
                0x004005a8        0xc src/ASF/sam/drivers/pwm/pwm.o
                0x004005a8                pwm_channel_disable
 .text.sysclk_init
                0x004005b4       0x64 src/ASF/common/services/clock/sam4s/sysclk.o
                0x004005b4                sysclk_init
 .text.board_init
                0x00400618       0xe4 src/ASF/sam/boards/sam4s_xplained_pro/init.o
                0x00400618                board_init
 .text.pio_set_debounce_filter
                0x004006fc       0x1c src/ASF/sam/drivers/pio/pio.o
                0x004006fc                pio_set_debounce_filter
 .text.pio_set_peripheral
                0x00400718       0x90 src/ASF/sam/drivers/pio/pio.o
                0x00400718                pio_set_peripheral
 .text.pio_set_input
                0x004007a8       0x34 src/ASF/sam/drivers/pio/pio.o
                0x004007a8                pio_set_input
 .text.pio_set_output
                0x004007dc       0x28 src/ASF/sam/drivers/pio/pio.o
                0x004007dc                pio_set_output
 .text.pio_configure_interrupt
                0x00400804       0x30 src/ASF/sam/drivers/pio/pio.o
                0x00400804                pio_configure_interrupt
 .text.pio_enable_interrupt
                0x00400834        0x8 src/ASF/sam/drivers/pio/pio.o
                0x00400834                pio_enable_interrupt
 .text.pio_disable_interrupt
                0x0040083c        0x4 src/ASF/sam/drivers/pio/pio.o
                0x0040083c                pio_disable_interrupt
 .text.pio_get_interrupt_status
                0x00400840        0x4 src/ASF/sam/drivers/pio/pio.o
                0x00400840                pio_get_interrupt_status
 .text.pio_get_interrupt_mask
                0x00400844        0x4 src/ASF/sam/drivers/pio/pio.o
                0x00400844                pio_get_interrupt_mask
 .text.pio_configure_pin
                0x00400848      0x124 src/ASF/sam/drivers/pio/pio.o
                0x00400848                pio_configure_pin
 .text.pio_handler_process
                0x0040096c       0x68 src/ASF/sam/drivers/pio/pio_handler.o
                0x0040096c                pio_handler_process
 .text.pio_handler_set
                0x004009d4       0x40 src/ASF/sam/drivers/pio/pio_handler.o
                0x004009d4                pio_handler_set
 .text.PIOA_Handler
                0x00400a14       0x14 src/ASF/sam/drivers/pio/pio_handler.o
                0x00400a14                PIOA_Handler
 .text.PIOB_Handler
                0x00400a28       0x14 src/ASF/sam/drivers/pio/pio_handler.o
                0x00400a28                PIOB_Handler
 .text.PIOC_Handler
                0x00400a3c       0x14 src/ASF/sam/drivers/pio/pio_handler.o
                0x00400a3c                PIOC_Handler
 .text.pio_handler_set_priority
                0x00400a50       0x80 src/ASF/sam/drivers/pio/pio_handler.o
                0x00400a50                pio_handler_set_priority
 .text.pmc_switch_mck_to_pllack
                0x00400ad0       0x68 src/ASF/sam/drivers/pmc/pmc.o
                0x00400ad0                pmc_switch_mck_to_pllack
 .text.pmc_switch_mainck_to_xtal
                0x00400b38       0x54 src/ASF/sam/drivers/pmc/pmc.o
                0x00400b38                pmc_switch_mainck_to_xtal
 .text.pmc_osc_is_ready_mainck
                0x00400b8c       0x10 src/ASF/sam/drivers/pmc/pmc.o
                0x00400b8c                pmc_osc_is_ready_mainck
 .text.pmc_disable_pllack
                0x00400b9c       0x10 src/ASF/sam/drivers/pmc/pmc.o
                0x00400b9c                pmc_disable_pllack
 .text.pmc_is_locked_pllack
                0x00400bac       0x10 src/ASF/sam/drivers/pmc/pmc.o
                0x00400bac                pmc_is_locked_pllack
 .text.pmc_enable_periph_clk
                0x00400bbc       0x54 src/ASF/sam/drivers/pmc/pmc.o
                0x00400bbc                pmc_enable_periph_clk
 .text.spi_enable_clock
                0x00400c10       0x10 src/ASF/sam/drivers/spi/spi.o
                0x00400c10                spi_enable_clock
 .text.spi_set_peripheral_chip_select_value
                0x00400c20       0x18 src/ASF/sam/drivers/spi/spi.o
                0x00400c20                spi_set_peripheral_chip_select_value
 .text.spi_set_delay_between_chip_select
                0x00400c38       0x14 src/ASF/sam/drivers/spi/spi.o
                0x00400c38                spi_set_delay_between_chip_select
 .text.spi_set_clock_polarity
                0x00400c4c       0x20 src/ASF/sam/drivers/spi/spi.o
                0x00400c4c                spi_set_clock_polarity
 .text.spi_set_clock_phase
                0x00400c6c       0x20 src/ASF/sam/drivers/spi/spi.o
                0x00400c6c                spi_set_clock_phase
 .text.spi_configure_cs_behavior
                0x00400c8c       0x44 src/ASF/sam/drivers/spi/spi.o
                0x00400c8c                spi_configure_cs_behavior
 .text.spi_set_bits_per_transfer
                0x00400cd0       0x14 src/ASF/sam/drivers/spi/spi.o
                0x00400cd0                spi_set_bits_per_transfer
 .text.spi_calc_baudrate_div
                0x00400ce4       0x18 src/ASF/sam/drivers/spi/spi.o
                0x00400ce4                spi_calc_baudrate_div
 .text.spi_set_baudrate_div
                0x00400cfc       0x28 src/ASF/sam/drivers/spi/spi.o
                0x00400cfc                spi_set_baudrate_div
 .text.spi_set_transfer_delay
                0x00400d24       0x1c src/ASF/sam/drivers/spi/spi.o
                0x00400d24                spi_set_transfer_delay
 .text.wdt_disable
                0x00400d40        0x8 src/ASF/sam/drivers/wdt/wdt.o
                0x00400d40                wdt_disable
 .text.Dummy_Handler
                0x00400d48        0x4 src/ASF/sam/utils/cmsis/sam4s/source/templates/gcc/startup_sam4s.o
                0x00400d48                DACC_Handler
                0x00400d48                DebugMon_Handler
                0x00400d48                HardFault_Handler
                0x00400d48                TC2_Handler
                0x00400d48                SPI_Handler
                0x00400d48                SysTick_Handler
                0x00400d48                TWI1_Handler
                0x00400d48                PendSV_Handler
                0x00400d48                NMI_Handler
                0x00400d48                ADC_Handler
                0x00400d48                CRCCU_Handler
                0x00400d48                USART0_Handler
                0x00400d48                RTT_Handler
                0x00400d48                EFC1_Handler
                0x00400d48                RTC_Handler
                0x00400d48                UsageFault_Handler
                0x00400d48                WDT_Handler
                0x00400d48                TC4_Handler
                0x00400d48                TC1_Handler
                0x00400d48                HSMCI_Handler
                0x00400d48                UART1_Handler
                0x00400d48                TC3_Handler
                0x00400d48                Dummy_Handler
                0x00400d48                TWI0_Handler
                0x00400d48                USART1_Handler
                0x00400d48                SSC_Handler
                0x00400d48                EFC0_Handler
                0x00400d48                ACC_Handler
                0x00400d48                PMC_Handler
                0x00400d48                PWM_Handler
                0x00400d48                MemManage_Handler
                0x00400d48                SUPC_Handler
                0x00400d48                SVC_Handler
                0x00400d48                UART0_Handler
                0x00400d48                UDP_Handler
                0x00400d48                BusFault_Handler
                0x00400d48                RSTC_Handler
                0x00400d48                TC0_Handler
                0x00400d48                TC5_Handler
 .text.Reset_Handler
                0x00400d4c       0xb0 src/ASF/sam/utils/cmsis/sam4s/source/templates/gcc/startup_sam4s.o
                0x00400d4c                Reset_Handler
 .text.SystemCoreClockUpdate
                0x00400dfc      0x114 src/ASF/sam/utils/cmsis/sam4s/source/templates/system_sam4s.o
                0x00400dfc                SystemCoreClockUpdate
 .text.system_init_flash
                0x00400f10       0x94 src/ASF/sam/utils/cmsis/sam4s/source/templates/system_sam4s.o
                0x00400f10                system_init_flash
 .text.Button_Handler
                0x00400fa4       0x48 src/main.o
                0x00400fa4                Button_Handler
 .text.ssd1306_write_command
                0x00400fec       0x48 src/main.o
 .text.configure_buttons
                0x00401034       0xdc src/main.o
                0x00401034                configure_buttons
 .text.printOLED
                0x00401110       0x34 src/main.o
                0x00401110                printOLED
 .text.typeScreen
                0x00401144       0x30 src/main.o
                0x00401144                typeScreen
 .text.quantityScreen
                0x00401174       0x30 src/main.o
                0x00401174                quantityScreen
 .text.displayAllTypes
                0x004011a4       0x54 src/main.o
                0x004011a4                displayAllTypes
 .text.displayAllQty
                0x004011f8       0x80 src/main.o
                0x004011f8                displayAllQty
 .text.standardDisplay
                0x00401278       0xb8 src/main.o
                0x00401278                standardDisplay
 .text.blinkTypes
                0x00401330      0x16c src/main.o
                0x00401330                blinkTypes
 .text.blinkQuantity
                0x0040149c      0x180 src/main.o
                0x0040149c                blinkQuantity
 .text.displayAll
                0x0040161c       0xb0 src/main.o
                0x0040161c                displayAll
 .text.initAll  0x004016cc       0xa4 src/main.o
                0x004016cc                initAll
 .text.main     0x00401770      0x810 src/main.o
                0x00401770                main
 .text.__libc_init_array
                0x00401f80       0x50 c:/program files (x86)/atmel/studio/7.0/toolchain/arm/arm-gnu-toolchain/bin/../lib/gcc/arm-none-eabi/5.3.1/../../../../arm-none-eabi/lib/armv7e-m\libc.a(lib_a-init.o)
                0x00401f80                __libc_init_array
 .text.__itoa   0x00401fd0       0x30 c:/program files (x86)/atmel/studio/7.0/toolchain/arm/arm-gnu-toolchain/bin/../lib/gcc/arm-none-eabi/5.3.1/../../../../arm-none-eabi/lib/armv7e-m\libc.a(lib_a-itoa.o)
                0x00401fd0                __itoa
 .text.itoa     0x00402000        0x4 c:/program files (x86)/atmel/studio/7.0/toolchain/arm/arm-gnu-toolchain/bin/../lib/gcc/arm-none-eabi/5.3.1/../../../../arm-none-eabi/lib/armv7e-m\libc.a(lib_a-itoa.o)
                0x00402000                itoa
 .text.memset   0x00402004       0x9c c:/program files (x86)/atmel/studio/7.0/toolchain/arm/arm-gnu-toolchain/bin/../lib/gcc/arm-none-eabi/5.3.1/../../../../arm-none-eabi/lib/armv7e-m\libc.a(lib_a-memset.o)
                0x00402004                memset
 .text.__utoa   0x004020a0       0x80 c:/program files (x86)/atmel/studio/7.0/toolchain/arm/arm-gnu-toolchain/bin/../lib/gcc/arm-none-eabi/5.3.1/../../../../arm-none-eabi/lib/armv7e-m\libc.a(lib_a-utoa.o)
                0x004020a0                __utoa
 .text.startup.register_fini
                0x00402120       0x14 c:/program files (x86)/atmel/studio/7.0/toolchain/arm/arm-gnu-toolchain/bin/../lib/gcc/arm-none-eabi/5.3.1/../../../../arm-none-eabi/lib/armv7e-m\libc.a(lib_a-__call_atexit.o)
 .text.atexit   0x00402134        0xc c:/program files (x86)/atmel/studio/7.0/toolchain/arm/arm-gnu-toolchain/bin/../lib/gcc/arm-none-eabi/5.3.1/../../../../arm-none-eabi/lib/armv7e-m\libc.a(lib_a-atexit.o)
                0x00402134                atexit
 .text.__libc_fini_array
                0x00402140       0x28 c:/program files (x86)/atmel/studio/7.0/toolchain/arm/arm-gnu-toolchain/bin/../lib/gcc/arm-none-eabi/5.3.1/../../../../arm-none-eabi/lib/armv7e-m\libc.a(lib_a-fini.o)
                0x00402140                __libc_fini_array
 .text.__register_exitproc
                0x00402168       0xa4 c:/program files (x86)/atmel/studio/7.0/toolchain/arm/arm-gnu-toolchain/bin/../lib/gcc/arm-none-eabi/5.3.1/../../../../arm-none-eabi/lib/armv7e-m\libc.a(lib_a-__atexit.o)
                0x00402168                __register_exitproc
 *(.glue_7t)
 .glue_7t       0x0040220c        0x0 linker stubs
 *(.glue_7)
 .glue_7        0x0040220c        0x0 linker stubs
 *(.rodata .rodata* .gnu.linkonce.r.*)
 .rodata        0x0040220c       0x2c src/ASF/sam/drivers/pwm/pwm.o
 .rodata.str1.4
                0x00402238       0x75 src/main.o
 *fill*         0x004022ad        0x3 
 .rodata.str1.4
                0x004022b0        0x2 c:/program files (x86)/atmel/studio/7.0/toolchain/arm/arm-gnu-toolchain/bin/../lib/gcc/arm-none-eabi/5.3.1/../../../../arm-none-eabi/lib/armv7e-m\libc.a(lib_a-impure.o)
 *fill*         0x004022b2        0x2 
 .rodata._global_impure_ptr
                0x004022b4        0x4 c:/program files (x86)/atmel/studio/7.0/toolchain/arm/arm-gnu-toolchain/bin/../lib/gcc/arm-none-eabi/5.3.1/../../../../arm-none-eabi/lib/armv7e-m\libc.a(lib_a-impure.o)
                0x004022b4                _global_impure_ptr
 .rodata.str1.4
                0x004022b8       0x28 c:/program files (x86)/atmel/studio/7.0/toolchain/arm/arm-gnu-toolchain/bin/../lib/gcc/arm-none-eabi/5.3.1/../../../../arm-none-eabi/lib/armv7e-m\libc.a(lib_a-utoa.o)
                                 0x25 (size before relaxing)
 *(.ARM.extab* .gnu.linkonce.armextab.*)
                0x004022e0                . = ALIGN (0x4)
 *(.init)
 .init          0x004022e0        0x4 c:/program files (x86)/atmel/studio/7.0/toolchain/arm/arm-gnu-toolchain/bin/../lib/gcc/arm-none-eabi/5.3.1/armv7e-m/crti.o
                0x004022e0                _init
 .init          0x004022e4        0x8 c:/program files (x86)/atmel/studio/7.0/toolchain/arm/arm-gnu-toolchain/bin/../lib/gcc/arm-none-eabi/5.3.1/armv7e-m/crtn.o
                0x004022ec                . = ALIGN (0x4)
                0x004022ec                __preinit_array_start = .
 *(.preinit_array)
                0x004022ec                __preinit_array_end = .
                0x004022ec                . = ALIGN (0x4)
                0x004022ec                __init_array_start = .
 *(SORT(.init_array.*))
 .init_array.00000
                0x004022ec        0x4 c:/program files (x86)/atmel/studio/7.0/toolchain/arm/arm-gnu-toolchain/bin/../lib/gcc/arm-none-eabi/5.3.1/../../../../arm-none-eabi/lib/armv7e-m\libc.a(lib_a-__call_atexit.o)
 *(.init_array)
 .init_array    0x004022f0        0x4 c:/program files (x86)/atmel/studio/7.0/toolchain/arm/arm-gnu-toolchain/bin/../lib/gcc/arm-none-eabi/5.3.1/armv7e-m/crtbegin.o
                0x004022f4                __init_array_end = .
                0x004022f4                . = ALIGN (0x4)
 *crtbegin.o(.ctors)
 *(EXCLUDE_FILE(*crtend.o) .ctors)
 *(SORT(.ctors.*))
 *crtend.o(.ctors)
                0x004022f4                . = ALIGN (0x4)
 *(.fini)
 .fini          0x004022f4        0x4 c:/program files (x86)/atmel/studio/7.0/toolchain/arm/arm-gnu-toolchain/bin/../lib/gcc/arm-none-eabi/5.3.1/armv7e-m/crti.o
                0x004022f4                _fini
 .fini          0x004022f8        0x8 c:/program files (x86)/atmel/studio/7.0/toolchain/arm/arm-gnu-toolchain/bin/../lib/gcc/arm-none-eabi/5.3.1/armv7e-m/crtn.o
                0x00402300                . = ALIGN (0x4)
                0x00402300                __fini_array_start = .
 *(.fini_array)
 .fini_array    0x00402300        0x4 c:/program files (x86)/atmel/studio/7.0/toolchain/arm/arm-gnu-toolchain/bin/../lib/gcc/arm-none-eabi/5.3.1/armv7e-m/crtbegin.o
 *(SORT(.fini_array.*))
                0x00402304                __fini_array_end = .
 *crtbegin.o(.dtors)
 *(EXCLUDE_FILE(*crtend.o) .dtors)
 *(SORT(.dtors.*))
 *crtend.o(.dtors)
                0x00402304                . = ALIGN (0x4)
                0x00402304                _efixed = .
                [!provide]                PROVIDE (__exidx_start, .)

.vfp11_veneer   0x00402304        0x0
 .vfp11_veneer  0x00402304        0x0 linker stubs

.v4_bx          0x00402304        0x0
 .v4_bx         0x00402304        0x0 linker stubs

.iplt           0x00402304        0x0
 .iplt          0x00402304        0x0 c:/program files (x86)/atmel/studio/7.0/toolchain/arm/arm-gnu-toolchain/bin/../lib/gcc/arm-none-eabi/5.3.1/armv7e-m/crtbegin.o

.eh_frame       0x00402304        0x0
 .eh_frame      0x00402304        0x0 c:/program files (x86)/atmel/studio/7.0/toolchain/arm/arm-gnu-toolchain/bin/../lib/gcc/arm-none-eabi/5.3.1/armv7e-m/crtbegin.o

.rel.dyn        0x00402304        0x0
 .rel.iplt      0x00402304        0x0 c:/program files (x86)/atmel/studio/7.0/toolchain/arm/arm-gnu-toolchain/bin/../lib/gcc/arm-none-eabi/5.3.1/armv7e-m/crtbegin.o

.jcr            0x00402304        0x0
 .jcr           0x00402304        0x0 c:/program files (x86)/atmel/studio/7.0/toolchain/arm/arm-gnu-toolchain/bin/../lib/gcc/arm-none-eabi/5.3.1/armv7e-m/crtbegin.o

.igot.plt       0x00402304        0x0
 .igot.plt      0x00402304        0x0 c:/program files (x86)/atmel/studio/7.0/toolchain/arm/arm-gnu-toolchain/bin/../lib/gcc/arm-none-eabi/5.3.1/armv7e-m/crtbegin.o

.ARM.exidx
 *(.ARM.exidx* .gnu.linkonce.armexidx.*)
                [!provide]                PROVIDE (__exidx_end, .)
                0x00402304                . = ALIGN (0x4)
                0x00402304                _etext = .

.relocate       0x20000000      0x838 load address 0x00402304
                0x20000000                . = ALIGN (0x4)
                0x20000000                _srelocate = .
 *(.ramfunc .ramfunc.*)
 .ramfunc       0x20000000        0xc src/ASF/common/services/delay/sam/cycle_counter.o
                0x20000000                portable_delay_cycles
 *(.data .data.*)
 .data.Font08px_58
                0x2000000c        0x2 src/ASF/common/components/display/ssd1306/font.o
                0x2000000c                Font08px_58
 *fill*         0x2000000e        0x2 
 .data.Font08px_59
                0x20000010        0x2 src/ASF/common/components/display/ssd1306/font.o
                0x20000010                Font08px_59
 *fill*         0x20000012        0x2 
 .data.Font08px_UY
                0x20000014        0x6 src/ASF/common/components/display/ssd1306/font.o
                0x20000014                Font08px_UY
 *fill*         0x2000001a        0x2 
 .data.Font08px_91
                0x2000001c        0x4 src/ASF/common/components/display/ssd1306/font.o
                0x2000001c                Font08px_91
 .data.Font08px_92
                0x20000020        0x4 src/ASF/common/components/display/ssd1306/font.o
                0x20000020                Font08px_92
 .data.Font08px_93
                0x20000024        0x4 src/ASF/common/components/display/ssd1306/font.o
                0x20000024                Font08px_93
 .data.Font08px_94
                0x20000028        0x4 src/ASF/common/components/display/ssd1306/font.o
                0x20000028                Font08px_94
 .data.Font08px_95
                0x2000002c        0x4 src/ASF/common/components/display/ssd1306/font.o
                0x2000002c                Font08px_95
 .data.Font08px_96
                0x20000030        0x3 src/ASF/common/components/display/ssd1306/font.o
                0x20000030                Font08px_96
 *fill*         0x20000033        0x1 
 .data.font_table
                0x20000034      0x17c src/ASF/common/components/display/ssd1306/font.o
                0x20000034                font_table
 .data.Font08px_N4
                0x200001b0        0x6 src/ASF/common/components/display/ssd1306/font.o
                0x200001b0                Font08px_N4
 *fill*         0x200001b6        0x2 
 .data.Font08px_N7
                0x200001b8        0x6 src/ASF/common/components/display/ssd1306/font.o
                0x200001b8                Font08px_N7
 *fill*         0x200001be        0x2 
 .data.Font08px_N9
                0x200001c0        0x6 src/ASF/common/components/display/ssd1306/font.o
                0x200001c0                Font08px_N9
 *fill*         0x200001c6        0x2 
 .data.Font08px_60
                0x200001c8        0x5 src/ASF/common/components/display/ssd1306/font.o
                0x200001c8                Font08px_60
 *fill*         0x200001cd        0x3 
 .data.Font08px_61
                0x200001d0        0x5 src/ASF/common/components/display/ssd1306/font.o
                0x200001d0                Font08px_61
 *fill*         0x200001d5        0x3 
 .data.Font08px_62
                0x200001d8        0x5 src/ASF/common/components/display/ssd1306/font.o
                0x200001d8                Font08px_62
 *fill*         0x200001dd        0x3 
 .data.Font08px_63
                0x200001e0        0x6 src/ASF/common/components/display/ssd1306/font.o
                0x200001e0                Font08px_63
 *fill*         0x200001e6        0x2 
 .data.Font08px_64
                0x200001e8        0x9 src/ASF/common/components/display/ssd1306/font.o
                0x200001e8                Font08px_64
 *fill*         0x200001f1        0x3 
 .data.Font08px_UD
                0x200001f4        0x5 src/ASF/common/components/display/ssd1306/font.o
                0x200001f4                Font08px_UD
 *fill*         0x200001f9        0x3 
 .data.Font08px_UE
                0x200001fc        0x5 src/ASF/common/components/display/ssd1306/font.o
                0x200001fc                Font08px_UE
 *fill*         0x20000201        0x3 
 .data.Font08px_UF
                0x20000204        0x5 src/ASF/common/components/display/ssd1306/font.o
                0x20000204                Font08px_UF
 *fill*         0x20000209        0x3 
 .data.Font08px_UG
                0x2000020c        0x6 src/ASF/common/components/display/ssd1306/font.o
                0x2000020c                Font08px_UG
 *fill*         0x20000212        0x2 
 .data.Font08px_UQ
                0x20000214        0x6 src/ASF/common/components/display/ssd1306/font.o
                0x20000214                Font08px_UQ
 *fill*         0x2000021a        0x2 
 .data.Font08px_UR
                0x2000021c        0x5 src/ASF/common/components/display/ssd1306/font.o
                0x2000021c                Font08px_UR
 *fill*         0x20000221        0x3 
 .data.Font08px_US
                0x20000224        0x5 src/ASF/common/components/display/ssd1306/font.o
                0x20000224                Font08px_US
 *fill*         0x20000229        0x3 
 .data.Font08px_UT
                0x2000022c        0x6 src/ASF/common/components/display/ssd1306/font.o
                0x2000022c                Font08px_UT
 *fill*         0x20000232        0x2 
 .data.Font08px_N6
                0x20000234        0x6 src/ASF/common/components/display/ssd1306/font.o
                0x20000234                Font08px_N6
 *fill*         0x2000023a        0x2 
 .data.Font08px_UV
                0x2000023c        0x6 src/ASF/common/components/display/ssd1306/font.o
                0x2000023c                Font08px_UV
 *fill*         0x20000242        0x2 
 .data.Font08px_32
                0x20000244        0x3 src/ASF/common/components/display/ssd1306/font.o
                0x20000244                Font08px_32
 *fill*         0x20000247        0x1 
 .data.Font08px_33
                0x20000248        0x2 src/ASF/common/components/display/ssd1306/font.o
                0x20000248                Font08px_33
 *fill*         0x2000024a        0x2 
 .data.Font08px_34
                0x2000024c        0x4 src/ASF/common/components/display/ssd1306/font.o
                0x2000024c                Font08px_34
 .data.Font08px_35
                0x20000250        0x6 src/ASF/common/components/display/ssd1306/font.o
                0x20000250                Font08px_35
 *fill*         0x20000256        0x2 
 .data.Font08px_36
                0x20000258        0x6 src/ASF/common/components/display/ssd1306/font.o
                0x20000258                Font08px_36
 *fill*         0x2000025e        0x2 
 .data.Font08px_37
                0x20000260        0x6 src/ASF/common/components/display/ssd1306/font.o
                0x20000260                Font08px_37
 *fill*         0x20000266        0x2 
 .data.Font08px_38
                0x20000268        0x6 src/ASF/common/components/display/ssd1306/font.o
                0x20000268                Font08px_38
 *fill*         0x2000026e        0x2 
 .data.Font08px_39
                0x20000270        0x2 src/ASF/common/components/display/ssd1306/font.o
                0x20000270                Font08px_39
 *fill*         0x20000272        0x2 
 .data.Font08px_UA
                0x20000274        0x6 src/ASF/common/components/display/ssd1306/font.o
                0x20000274                Font08px_UA
 *fill*         0x2000027a        0x2 
 .data.Font08px_UB
                0x2000027c        0x5 src/ASF/common/components/display/ssd1306/font.o
                0x2000027c                Font08px_UB
 *fill*         0x20000281        0x3 
 .data.Font08px_UC
                0x20000284        0x5 src/ASF/common/components/display/ssd1306/font.o
                0x20000284                Font08px_UC
 *fill*         0x20000289        0x3 
 .data.Font08px_123
                0x2000028c        0x4 src/ASF/common/components/display/ssd1306/font.o
                0x2000028c                Font08px_123
 .data.Font08px_124
                0x20000290        0x2 src/ASF/common/components/display/ssd1306/font.o
                0x20000290                Font08px_124
 *fill*         0x20000292        0x2 
 .data.Font08px_125
                0x20000294        0x4 src/ASF/common/components/display/ssd1306/font.o
                0x20000294                Font08px_125
 .data.Font08px_126
                0x20000298        0x6 src/ASF/common/components/display/ssd1306/font.o
                0x20000298                Font08px_126
 *fill*         0x2000029e        0x2 
 .data.Font08px_UH
                0x200002a0        0x5 src/ASF/common/components/display/ssd1306/font.o
                0x200002a0                Font08px_UH
 *fill*         0x200002a5        0x3 
 .data.Font08px_UI
                0x200002a8        0x4 src/ASF/common/components/display/ssd1306/font.o
                0x200002a8                Font08px_UI
 .data.Font08px_UJ
                0x200002ac        0x5 src/ASF/common/components/display/ssd1306/font.o
                0x200002ac                Font08px_UJ
 *fill*         0x200002b1        0x3 
 .data.Font08px_UK
                0x200002b4        0x6 src/ASF/common/components/display/ssd1306/font.o
                0x200002b4                Font08px_UK
 *fill*         0x200002ba        0x2 
 .data.Font08px_UL
                0x200002bc        0x5 src/ASF/common/components/display/ssd1306/font.o
                0x200002bc                Font08px_UL
 *fill*         0x200002c1        0x3 
 .data.Font08px_UM
                0x200002c4        0x6 src/ASF/common/components/display/ssd1306/font.o
                0x200002c4                Font08px_UM
 *fill*         0x200002ca        0x2 
 .data.Font08px_UN
                0x200002cc        0x6 src/ASF/common/components/display/ssd1306/font.o
                0x200002cc                Font08px_UN
 *fill*         0x200002d2        0x2 
 .data.Font08px_UO
                0x200002d4        0x5 src/ASF/common/components/display/ssd1306/font.o
                0x200002d4                Font08px_UO
 *fill*         0x200002d9        0x3 
 .data.Font08px_UP
                0x200002dc        0x5 src/ASF/common/components/display/ssd1306/font.o
                0x200002dc                Font08px_UP
 *fill*         0x200002e1        0x3 
 .data.Font08px_N0
                0x200002e4        0x6 src/ASF/common/components/display/ssd1306/font.o
                0x200002e4                Font08px_N0
 *fill*         0x200002ea        0x2 
 .data.Font08px_N1
                0x200002ec        0x6 src/ASF/common/components/display/ssd1306/font.o
                0x200002ec                Font08px_N1
 *fill*         0x200002f2        0x2 
 .data.Font08px_N2
                0x200002f4        0x6 src/ASF/common/components/display/ssd1306/font.o
                0x200002f4                Font08px_N2
 *fill*         0x200002fa        0x2 
 .data.Font08px_N3
                0x200002fc        0x6 src/ASF/common/components/display/ssd1306/font.o
                0x200002fc                Font08px_N3
 *fill*         0x20000302        0x2 
 .data.Font08px_UU
                0x20000304        0x5 src/ASF/common/components/display/ssd1306/font.o
                0x20000304                Font08px_UU
 *fill*         0x20000309        0x3 
 .data.Font08px_N5
                0x2000030c        0x6 src/ASF/common/components/display/ssd1306/font.o
                0x2000030c                Font08px_N5
 *fill*         0x20000312        0x2 
 .data.Font08px_UW
                0x20000314        0x6 src/ASF/common/components/display/ssd1306/font.o
                0x20000314                Font08px_UW
 *fill*         0x2000031a        0x2 
 .data.Font08px_UX
                0x2000031c        0x6 src/ASF/common/components/display/ssd1306/font.o
                0x2000031c                Font08px_UX
 *fill*         0x20000322        0x2 
 .data.Font08px_N8
                0x20000324        0x6 src/ASF/common/components/display/ssd1306/font.o
                0x20000324                Font08px_N8
 *fill*         0x2000032a        0x2 
 .data.Font08px_UZ
                0x2000032c        0x6 src/ASF/common/components/display/ssd1306/font.o
                0x2000032c                Font08px_UZ
 *fill*         0x20000332        0x2 
 .data.Font08px_40
                0x20000334        0x4 src/ASF/common/components/display/ssd1306/font.o
                0x20000334                Font08px_40
 .data.Font08px_41
                0x20000338        0x4 src/ASF/common/components/display/ssd1306/font.o
                0x20000338                Font08px_41
 .data.Font08px_42
                0x2000033c        0x4 src/ASF/common/components/display/ssd1306/font.o
                0x2000033c                Font08px_42
 .data.Font08px_43
                0x20000340        0x4 src/ASF/common/components/display/ssd1306/font.o
                0x20000340                Font08px_43
 .data.Font08px_44
                0x20000344        0x2 src/ASF/common/components/display/ssd1306/font.o
                0x20000344                Font08px_44
 *fill*         0x20000346        0x2 
 .data.Font08px_45
                0x20000348        0x4 src/ASF/common/components/display/ssd1306/font.o
                0x20000348                Font08px_45
 .data.Font08px_46
                0x2000034c        0x2 src/ASF/common/components/display/ssd1306/font.o
                0x2000034c                Font08px_46
 *fill*         0x2000034e        0x2 
 .data.Font08px_47
                0x20000350        0x4 src/ASF/common/components/display/ssd1306/font.o
                0x20000350                Font08px_47
 .data.Font08px_la
                0x20000354        0x5 src/ASF/common/components/display/ssd1306/font.o
                0x20000354                Font08px_la
 *fill*         0x20000359        0x3 
 .data.Font08px_lb
                0x2000035c        0x5 src/ASF/common/components/display/ssd1306/font.o
                0x2000035c                Font08px_lb
 *fill*         0x20000361        0x3 
 .data.Font08px_lc
                0x20000364        0x5 src/ASF/common/components/display/ssd1306/font.o
                0x20000364                Font08px_lc
 *fill*         0x20000369        0x3 
 .data.Font08px_ld
                0x2000036c        0x5 src/ASF/common/components/display/ssd1306/font.o
                0x2000036c                Font08px_ld
 *fill*         0x20000371        0x3 
 .data.Font08px_le
                0x20000374        0x5 src/ASF/common/components/display/ssd1306/font.o
                0x20000374                Font08px_le
 *fill*         0x20000379        0x3 
 .data.Font08px_lf
                0x2000037c        0x4 src/ASF/common/components/display/ssd1306/font.o
                0x2000037c                Font08px_lf
 .data.Font08px_lg
                0x20000380        0x5 src/ASF/common/components/display/ssd1306/font.o
                0x20000380                Font08px_lg
 *fill*         0x20000385        0x3 
 .data.Font08px_lh
                0x20000388        0x5 src/ASF/common/components/display/ssd1306/font.o
                0x20000388                Font08px_lh
 *fill*         0x2000038d        0x3 
 .data.Font08px_li
                0x20000390        0x2 src/ASF/common/components/display/ssd1306/font.o
                0x20000390                Font08px_li
 *fill*         0x20000392        0x2 
 .data.Font08px_lj
                0x20000394        0x3 src/ASF/common/components/display/ssd1306/font.o
                0x20000394                Font08px_lj
 *fill*         0x20000397        0x1 
 .data.Font08px_lk
                0x20000398        0x5 src/ASF/common/components/display/ssd1306/font.o
                0x20000398                Font08px_lk
 *fill*         0x2000039d        0x3 
 .data.Font08px_ll
                0x200003a0        0x2 src/ASF/common/components/display/ssd1306/font.o
                0x200003a0                Font08px_ll
 *fill*         0x200003a2        0x2 
 .data.Font08px_lm
                0x200003a4        0x6 src/ASF/common/components/display/ssd1306/font.o
                0x200003a4                Font08px_lm
 *fill*         0x200003aa        0x2 
 .data.Font08px_ln
                0x200003ac        0x5 src/ASF/common/components/display/ssd1306/font.o
                0x200003ac                Font08px_ln
 *fill*         0x200003b1        0x3 
 .data.Font08px_lo
                0x200003b4        0x5 src/ASF/common/components/display/ssd1306/font.o
                0x200003b4                Font08px_lo
 *fill*         0x200003b9        0x3 
 .data.Font08px_lp
                0x200003bc        0x5 src/ASF/common/components/display/ssd1306/font.o
                0x200003bc                Font08px_lp
 *fill*         0x200003c1        0x3 
 .data.Font08px_lq
                0x200003c4        0x5 src/ASF/common/components/display/ssd1306/font.o
                0x200003c4                Font08px_lq
 *fill*         0x200003c9        0x3 
 .data.Font08px_lr
                0x200003cc        0x4 src/ASF/common/components/display/ssd1306/font.o
                0x200003cc                Font08px_lr
 .data.Font08px_ls
                0x200003d0        0x5 src/ASF/common/components/display/ssd1306/font.o
                0x200003d0                Font08px_ls
 *fill*         0x200003d5        0x3 
 .data.Font08px_lt
                0x200003d8        0x4 src/ASF/common/components/display/ssd1306/font.o
                0x200003d8                Font08px_lt
 .data.Font08px_lu
                0x200003dc        0x5 src/ASF/common/components/display/ssd1306/font.o
                0x200003dc                Font08px_lu
 *fill*         0x200003e1        0x3 
 .data.Font08px_lv
                0x200003e4        0x6 src/ASF/common/components/display/ssd1306/font.o
                0x200003e4                Font08px_lv
 *fill*         0x200003ea        0x2 
 .data.Font08px_lw
                0x200003ec        0x6 src/ASF/common/components/display/ssd1306/font.o
                0x200003ec                Font08px_lw
 *fill*         0x200003f2        0x2 
 .data.Font08px_lx
                0x200003f4        0x6 src/ASF/common/components/display/ssd1306/font.o
                0x200003f4                Font08px_lx
 *fill*         0x200003fa        0x2 
 .data.Font08px_ly
                0x200003fc        0x5 src/ASF/common/components/display/ssd1306/font.o
                0x200003fc                Font08px_ly
 *fill*         0x20000401        0x3 
 .data.Font08px_lz
                0x20000404        0x4 src/ASF/common/components/display/ssd1306/font.o
                0x20000404                Font08px_lz
 .data.SystemCoreClock
                0x20000408        0x4 src/ASF/sam/utils/cmsis/sam4s/source/templates/system_sam4s.o
                0x20000408                SystemCoreClock
 *fill*         0x2000040c        0x4 
 .data.impure_data
                0x20000410      0x428 c:/program files (x86)/atmel/studio/7.0/toolchain/arm/arm-gnu-toolchain/bin/../lib/gcc/arm-none-eabi/5.3.1/../../../../arm-none-eabi/lib/armv7e-m\libc.a(lib_a-impure.o)
                0x20000838                . = ALIGN (0x4)
                0x20000838                _erelocate = .

.bss            0x20000838       0x98 load address 0x00402b3c
                0x20000838                . = ALIGN (0x4)
                0x20000838                _sbss = .
                0x20000838                _szero = .
 *(.bss .bss.*)
 .bss           0x20000838       0x1c c:/program files (x86)/atmel/studio/7.0/toolchain/arm/arm-gnu-toolchain/bin/../lib/gcc/arm-none-eabi/5.3.1/armv7e-m/crtbegin.o
 .bss.gs_ul_nb_sources
                0x20000854        0x4 src/ASF/sam/drivers/pio/pio_handler.o
 .bss.pio_capture_handler
                0x20000858        0x4 src/ASF/sam/drivers/pio/pio_handler.o
 .bss.gs_interrupt_sources
                0x2000085c       0x70 src/ASF/sam/drivers/pio/pio_handler.o
 *(COMMON)
 COMMON         0x200008cc        0x4 src/ASF/sam/drivers/pio/pio.o
                0x200008cc                pio_capture_enable_flag
                0x200008d0                . = ALIGN (0x4)
                0x200008d0                _ebss = .
                0x200008d0                _ezero = .

.stack          0x200008d0     0x3000 load address 0x00402bd4
                0x200008d0                . = ALIGN (0x8)
                0x200008d0                _sstack = .
                0x200038d0                . = (. + __stack_size__)
 *fill*         0x200008d0     0x3000 
                0x200038d0                . = ALIGN (0x8)
                0x200038d0                _estack = .
                0x200038d0                . = ALIGN (0x4)
                0x200038d0                _end = .
OUTPUT(Buttons.elf elf32-littlearm)

.ARM.attributes
                0x00000000       0x2a
 .ARM.attributes
                0x00000000       0x1e c:/program files (x86)/atmel/studio/7.0/toolchain/arm/arm-gnu-toolchain/bin/../lib/gcc/arm-none-eabi/5.3.1/armv7e-m/crti.o
 .ARM.attributes
                0x0000001e       0x2e c:/program files (x86)/atmel/studio/7.0/toolchain/arm/arm-gnu-toolchain/bin/../lib/gcc/arm-none-eabi/5.3.1/armv7e-m/crtbegin.o
 .ARM.attributes
                0x0000004c       0x33 src/ASF/common/components/display/ssd1306/font.o
 .ARM.attributes
                0x0000007f       0x33 src/ASF/common/components/display/ssd1306/ssd1306.o
 .ARM.attributes
                0x000000b2       0x33 src/ASF/common/services/delay/sam/cycle_counter.o
 .ARM.attributes
                0x000000e5       0x33 src/ASF/common/services/spi/sam_spi/spi_master.o
 .ARM.attributes
                0x00000118       0x33 src/ASF/sam/drivers/pwm/pwm.o
 .ARM.attributes
                0x0000014b       0x33 src/ASF/common/services/clock/sam4s/sysclk.o
 .ARM.attributes
                0x0000017e       0x33 src/ASF/sam/boards/sam4s_xplained_pro/init.o
 .ARM.attributes
                0x000001b1       0x33 src/ASF/sam/drivers/pio/pio.o
 .ARM.attributes
                0x000001e4       0x33 src/ASF/sam/drivers/pio/pio_handler.o
 .ARM.attributes
                0x00000217       0x33 src/ASF/sam/drivers/pmc/pmc.o
 .ARM.attributes
                0x0000024a       0x33 src/ASF/sam/drivers/spi/spi.o
 .ARM.attributes
                0x0000027d       0x33 src/ASF/sam/drivers/wdt/wdt.o
 .ARM.attributes
                0x000002b0       0x33 src/ASF/sam/utils/cmsis/sam4s/source/templates/gcc/startup_sam4s.o
 .ARM.attributes
                0x000002e3       0x33 src/ASF/sam/utils/cmsis/sam4s/source/templates/system_sam4s.o
 .ARM.attributes
                0x00000316       0x33 src/main.o
 .ARM.attributes
                0x00000349       0x2e c:/program files (x86)/atmel/studio/7.0/toolchain/arm/arm-gnu-toolchain/bin/../lib/gcc/arm-none-eabi/5.3.1/../../../../arm-none-eabi/lib/armv7e-m\libc.a(lib_a-impure.o)
 .ARM.attributes
                0x00000377       0x2e c:/program files (x86)/atmel/studio/7.0/toolchain/arm/arm-gnu-toolchain/bin/../lib/gcc/arm-none-eabi/5.3.1/../../../../arm-none-eabi/lib/armv7e-m\libc.a(lib_a-init.o)
 .ARM.attributes
                0x000003a5       0x2e c:/program files (x86)/atmel/studio/7.0/toolchain/arm/arm-gnu-toolchain/bin/../lib/gcc/arm-none-eabi/5.3.1/../../../../arm-none-eabi/lib/armv7e-m\libc.a(lib_a-itoa.o)
 .ARM.attributes
                0x000003d3       0x2e c:/program files (x86)/atmel/studio/7.0/toolchain/arm/arm-gnu-toolchain/bin/../lib/gcc/arm-none-eabi/5.3.1/../../../../arm-none-eabi/lib/armv7e-m\libc.a(lib_a-memset.o)
 .ARM.attributes
                0x00000401       0x2e c:/program files (x86)/atmel/studio/7.0/toolchain/arm/arm-gnu-toolchain/bin/../lib/gcc/arm-none-eabi/5.3.1/../../../../arm-none-eabi/lib/armv7e-m\libc.a(lib_a-utoa.o)
 .ARM.attributes
                0x0000042f       0x2e c:/program files (x86)/atmel/studio/7.0/toolchain/arm/arm-gnu-toolchain/bin/../lib/gcc/arm-none-eabi/5.3.1/../../../../arm-none-eabi/lib/armv7e-m\libc.a(lib_a-__call_atexit.o)
 .ARM.attributes
                0x0000045d       0x2e c:/program files (x86)/atmel/studio/7.0/toolchain/arm/arm-gnu-toolchain/bin/../lib/gcc/arm-none-eabi/5.3.1/../../../../arm-none-eabi/lib/armv7e-m\libc.a(lib_a-atexit.o)
 .ARM.attributes
                0x0000048b       0x2e c:/program files (x86)/atmel/studio/7.0/toolchain/arm/arm-gnu-toolchain/bin/../lib/gcc/arm-none-eabi/5.3.1/../../../../arm-none-eabi/lib/armv7e-m\libc.a(lib_a-fini.o)
 .ARM.attributes
                0x000004b9       0x2e c:/program files (x86)/atmel/studio/7.0/toolchain/arm/arm-gnu-toolchain/bin/../lib/gcc/arm-none-eabi/5.3.1/../../../../arm-none-eabi/lib/armv7e-m\libc.a(lib_a-__atexit.o)
 .ARM.attributes
                0x000004e7       0x1e c:/program files (x86)/atmel/studio/7.0/toolchain/arm/arm-gnu-toolchain/bin/../lib/gcc/arm-none-eabi/5.3.1/armv7e-m/crtn.o

.comment        0x00000000       0x59
 .comment       0x00000000       0x59 src/ASF/common/components/display/ssd1306/font.o
                                 0x5a (size before relaxing)
 .comment       0x00000059       0x5a src/ASF/common/components/display/ssd1306/ssd1306.o
 .comment       0x00000059       0x5a src/ASF/common/services/delay/sam/cycle_counter.o
 .comment       0x00000059       0x5a src/ASF/common/services/spi/sam_spi/spi_master.o
 .comment       0x00000059       0x5a src/ASF/sam/drivers/pwm/pwm.o
 .comment       0x00000059       0x5a src/ASF/common/services/clock/sam4s/sysclk.o
 .comment       0x00000059       0x5a src/ASF/sam/boards/sam4s_xplained_pro/init.o
 .comment       0x00000059       0x5a src/ASF/sam/drivers/pio/pio.o
 .comment       0x00000059       0x5a src/ASF/sam/drivers/pio/pio_handler.o
 .comment       0x00000059       0x5a src/ASF/sam/drivers/pmc/pmc.o
 .comment       0x00000059       0x5a src/ASF/sam/drivers/spi/spi.o
 .comment       0x00000059       0x5a src/ASF/sam/drivers/wdt/wdt.o
 .comment       0x00000059       0x5a src/ASF/sam/utils/cmsis/sam4s/source/templates/gcc/startup_sam4s.o
 .comment       0x00000059       0x5a src/ASF/sam/utils/cmsis/sam4s/source/templates/system_sam4s.o
 .comment       0x00000059       0x5a src/main.o

.debug_info     0x00000000     0xe0ab
 .debug_info    0x00000000      0x89d src/ASF/common/components/display/ssd1306/font.o
 .debug_info    0x0000089d     0x1107 src/ASF/common/components/display/ssd1306/ssd1306.o
 .debug_info    0x000019a4      0x134 src/ASF/common/services/delay/sam/cycle_counter.o
 .debug_info    0x00001ad8      0xcd6 src/ASF/common/services/spi/sam_spi/spi_master.o
 .debug_info    0x000027ae     0x1562 src/ASF/sam/drivers/pwm/pwm.o
 .debug_info    0x00003d10      0x747 src/ASF/common/services/clock/sam4s/sysclk.o
 .debug_info    0x00004457      0xea3 src/ASF/sam/boards/sam4s_xplained_pro/init.o
 .debug_info    0x000052fa     0x1958 src/ASF/sam/drivers/pio/pio.o
 .debug_info    0x00006c52      0xfa0 src/ASF/sam/drivers/pio/pio_handler.o
 .debug_info    0x00007bf2     0x10f1 src/ASF/sam/drivers/pmc/pmc.o
 .debug_info    0x00008ce3      0x894 src/ASF/sam/drivers/spi/spi.o
 .debug_info    0x00009577      0x2d6 src/ASF/sam/drivers/wdt/wdt.o
 .debug_info    0x0000984d      0x6a4 src/ASF/sam/utils/cmsis/sam4s/source/templates/gcc/startup_sam4s.o
 .debug_info    0x00009ef1      0x469 src/ASF/sam/utils/cmsis/sam4s/source/templates/system_sam4s.o
 .debug_info    0x0000a35a     0x3d51 src/main.o

.debug_abbrev   0x00000000     0x1fdb
 .debug_abbrev  0x00000000       0xab src/ASF/common/components/display/ssd1306/font.o
 .debug_abbrev  0x000000ab      0x2ba src/ASF/common/components/display/ssd1306/ssd1306.o
 .debug_abbrev  0x00000365       0x9d src/ASF/common/services/delay/sam/cycle_counter.o
 .debug_abbrev  0x00000402      0x2dd src/ASF/common/services/spi/sam_spi/spi_master.o
 .debug_abbrev  0x000006df      0x245 src/ASF/sam/drivers/pwm/pwm.o
 .debug_abbrev  0x00000924      0x23b src/ASF/common/services/clock/sam4s/sysclk.o
 .debug_abbrev  0x00000b5f      0x21b src/ASF/sam/boards/sam4s_xplained_pro/init.o
 .debug_abbrev  0x00000d7a      0x316 src/ASF/sam/drivers/pio/pio.o
 .debug_abbrev  0x00001090      0x28b src/ASF/sam/drivers/pio/pio_handler.o
 .debug_abbrev  0x0000131b      0x277 src/ASF/sam/drivers/pmc/pmc.o
 .debug_abbrev  0x00001592      0x29d src/ASF/sam/drivers/spi/spi.o
 .debug_abbrev  0x0000182f      0x12a src/ASF/sam/drivers/wdt/wdt.o
 .debug_abbrev  0x00001959      0x16e src/ASF/sam/utils/cmsis/sam4s/source/templates/gcc/startup_sam4s.o
 .debug_abbrev  0x00001ac7       0xf5 src/ASF/sam/utils/cmsis/sam4s/source/templates/system_sam4s.o
 .debug_abbrev  0x00001bbc      0x41f src/main.o

.debug_aranges  0x00000000      0x830
 .debug_aranges
                0x00000000       0x18 src/ASF/common/components/display/ssd1306/font.o
 .debug_aranges
                0x00000018       0x30 src/ASF/common/components/display/ssd1306/ssd1306.o
 .debug_aranges
                0x00000048       0x20 src/ASF/common/services/delay/sam/cycle_counter.o
 .debug_aranges
                0x00000068       0x50 src/ASF/common/services/spi/sam_spi/spi_master.o
 .debug_aranges
                0x000000b8      0x158 src/ASF/sam/drivers/pwm/pwm.o
 .debug_aranges
                0x00000210       0x30 src/ASF/common/services/clock/sam4s/sysclk.o
 .debug_aranges
                0x00000240       0x20 src/ASF/sam/boards/sam4s_xplained_pro/init.o
 .debug_aranges
                0x00000260      0x1a8 src/ASF/sam/drivers/pio/pio.o
 .debug_aranges
                0x00000408       0x58 src/ASF/sam/drivers/pio/pio_handler.o
 .debug_aranges
                0x00000460      0x208 src/ASF/sam/drivers/pmc/pmc.o
 .debug_aranges
                0x00000668       0x90 src/ASF/sam/drivers/spi/spi.o
 .debug_aranges
                0x000006f8       0x48 src/ASF/sam/drivers/wdt/wdt.o
 .debug_aranges
                0x00000740       0x28 src/ASF/sam/utils/cmsis/sam4s/source/templates/gcc/startup_sam4s.o
 .debug_aranges
                0x00000768       0x30 src/ASF/sam/utils/cmsis/sam4s/source/templates/system_sam4s.o
 .debug_aranges
                0x00000798       0x98 src/main.o

.debug_macro    0x00000000    0x140d3
 .debug_macro   0x00000000      0x502 src/ASF/common/components/display/ssd1306/font.o
 .debug_macro   0x00000502      0x89e src/ASF/common/components/display/ssd1306/font.o
 .debug_macro   0x00000da0      0x16d src/ASF/common/components/display/ssd1306/font.o
 .debug_macro   0x00000f0d      0x644 src/ASF/common/components/display/ssd1306/font.o
 .debug_macro   0x00001551       0x76 src/ASF/common/components/display/ssd1306/font.o
 .debug_macro   0x000015c7       0x16 src/ASF/common/components/display/ssd1306/font.o
 .debug_macro   0x000015dd      0x6e4 src/ASF/common/components/display/ssd1306/font.o
 .debug_macro   0x00001cc1       0x22 src/ASF/common/components/display/ssd1306/font.o
 .debug_macro   0x00001ce3       0x87 src/ASF/common/components/display/ssd1306/font.o
 .debug_macro   0x00001d6a       0x44 src/ASF/common/components/display/ssd1306/font.o
 .debug_macro   0x00001dae       0xfd src/ASF/common/components/display/ssd1306/font.o
 .debug_macro   0x00001eab       0x22 src/ASF/common/components/display/ssd1306/font.o
 .debug_macro   0x00001ecd      0x1df src/ASF/common/components/display/ssd1306/font.o
 .debug_macro   0x000020ac       0x27 src/ASF/common/components/display/ssd1306/font.o
 .debug_macro   0x000020d3       0x3b src/ASF/common/components/display/ssd1306/font.o
 .debug_macro   0x0000210e       0x2d src/ASF/common/components/display/ssd1306/font.o
 .debug_macro   0x0000213b       0x26 src/ASF/common/components/display/ssd1306/font.o
 .debug_macro   0x00002161      0xbbf src/ASF/common/components/display/ssd1306/font.o
 .debug_macro   0x00002d20      0x159 src/ASF/common/components/display/ssd1306/font.o
 .debug_macro   0x00002e79      0xaaf src/ASF/common/components/display/ssd1306/font.o
 .debug_macro   0x00003928      0x284 src/ASF/common/components/display/ssd1306/font.o
 .debug_macro   0x00003bac      0x11e src/ASF/common/components/display/ssd1306/font.o
 .debug_macro   0x00003cca       0xac src/ASF/common/components/display/ssd1306/font.o
 .debug_macro   0x00003d76      0x401 src/ASF/common/components/display/ssd1306/font.o
 .debug_macro   0x00004177      0x106 src/ASF/common/components/display/ssd1306/font.o
 .debug_macro   0x0000427d       0x1c src/ASF/common/components/display/ssd1306/font.o
 .debug_macro   0x00004299      0x738 src/ASF/common/components/display/ssd1306/font.o
 .debug_macro   0x000049d1      0x2d2 src/ASF/common/components/display/ssd1306/font.o
 .debug_macro   0x00004ca3       0xbe src/ASF/common/components/display/ssd1306/font.o
 .debug_macro   0x00004d61     0x280b src/ASF/common/components/display/ssd1306/font.o
 .debug_macro   0x0000756c      0x777 src/ASF/common/components/display/ssd1306/font.o
 .debug_macro   0x00007ce3      0xa8e src/ASF/common/components/display/ssd1306/font.o
 .debug_macro   0x00008771       0x9a src/ASF/common/components/display/ssd1306/font.o
 .debug_macro   0x0000880b      0x3d8 src/ASF/common/components/display/ssd1306/font.o
 .debug_macro   0x00008be3       0x64 src/ASF/common/components/display/ssd1306/font.o
 .debug_macro   0x00008c47      0x1ae src/ASF/common/components/display/ssd1306/font.o
 .debug_macro   0x00008df5      0x386 src/ASF/common/components/display/ssd1306/font.o
 .debug_macro   0x0000917b      0x624 src/ASF/common/components/display/ssd1306/font.o
 .debug_macro   0x0000979f      0x690 src/ASF/common/components/display/ssd1306/font.o
 .debug_macro   0x00009e2f      0x59f src/ASF/common/components/display/ssd1306/font.o
 .debug_macro   0x0000a3ce      0x34d src/ASF/common/components/display/ssd1306/font.o
 .debug_macro   0x0000a71b      0x28c src/ASF/common/components/display/ssd1306/font.o
 .debug_macro   0x0000a9a7      0x2d6 src/ASF/common/components/display/ssd1306/font.o
 .debug_macro   0x0000ac7d      0x6d9 src/ASF/common/components/display/ssd1306/font.o
 .debug_macro   0x0000b356       0x76 src/ASF/common/components/display/ssd1306/font.o
 .debug_macro   0x0000b3cc       0xb8 src/ASF/common/components/display/ssd1306/font.o
 .debug_macro   0x0000b484       0xb2 src/ASF/common/components/display/ssd1306/font.o
 .debug_macro   0x0000b536       0x88 src/ASF/common/components/display/ssd1306/font.o
 .debug_macro   0x0000b5be      0x105 src/ASF/common/components/display/ssd1306/font.o
 .debug_macro   0x0000b6c3      0x105 src/ASF/common/components/display/ssd1306/font.o
 .debug_macro   0x0000b7c8       0x88 src/ASF/common/components/display/ssd1306/font.o
 .debug_macro   0x0000b850       0x88 src/ASF/common/components/display/ssd1306/font.o
 .debug_macro   0x0000b8d8      0x2cd src/ASF/common/components/display/ssd1306/font.o
 .debug_macro   0x0000bba5       0xb2 src/ASF/common/components/display/ssd1306/font.o
 .debug_macro   0x0000bc57       0xb2 src/ASF/common/components/display/ssd1306/font.o
 .debug_macro   0x0000bd09       0x52 src/ASF/common/components/display/ssd1306/font.o
 .debug_macro   0x0000bd5b       0xac src/ASF/common/components/display/ssd1306/font.o
 .debug_macro   0x0000be07       0x7c src/ASF/common/components/display/ssd1306/font.o
 .debug_macro   0x0000be83       0x40 src/ASF/common/components/display/ssd1306/font.o
 .debug_macro   0x0000bec3       0x64 src/ASF/common/components/display/ssd1306/font.o
 .debug_macro   0x0000bf27       0x46 src/ASF/common/components/display/ssd1306/font.o
 .debug_macro   0x0000bf6d       0x88 src/ASF/common/components/display/ssd1306/font.o
 .debug_macro   0x0000bff5       0x4c src/ASF/common/components/display/ssd1306/font.o
 .debug_macro   0x0000c041       0xa6 src/ASF/common/components/display/ssd1306/font.o
 .debug_macro   0x0000c0e7       0x7c src/ASF/common/components/display/ssd1306/font.o
 .debug_macro   0x0000c163       0x16 src/ASF/common/components/display/ssd1306/font.o
 .debug_macro   0x0000c179       0x7c src/ASF/common/components/display/ssd1306/font.o
 .debug_macro   0x0000c1f5       0x22 src/ASF/common/components/display/ssd1306/font.o
 .debug_macro   0x0000c217       0x22 src/ASF/common/components/display/ssd1306/font.o
 .debug_macro   0x0000c239      0x195 src/ASF/common/components/display/ssd1306/font.o
 .debug_macro   0x0000c3ce      0x165 src/ASF/common/components/display/ssd1306/font.o
 .debug_macro   0x0000c533      0x165 src/ASF/common/components/display/ssd1306/font.o
 .debug_macro   0x0000c698       0x1c src/ASF/common/components/display/ssd1306/font.o
 .debug_macro   0x0000c6b4       0x2e src/ASF/common/components/display/ssd1306/font.o
 .debug_macro   0x0000c6e2       0x22 src/ASF/common/components/display/ssd1306/font.o
 .debug_macro   0x0000c704       0x1c src/ASF/common/components/display/ssd1306/font.o
 .debug_macro   0x0000c720       0x52 src/ASF/common/components/display/ssd1306/font.o
 .debug_macro   0x0000c772       0x10 src/ASF/common/components/display/ssd1306/font.o
 .debug_macro   0x0000c782      0x234 src/ASF/common/components/display/ssd1306/font.o
 .debug_macro   0x0000c9b6      0x938 src/ASF/common/components/display/ssd1306/font.o
 .debug_macro   0x0000d2ee      0x12a src/ASF/common/components/display/ssd1306/font.o
 .debug_macro   0x0000d418       0x52 src/ASF/common/components/display/ssd1306/font.o
 .debug_macro   0x0000d46a       0x35 src/ASF/common/components/display/ssd1306/font.o
 .debug_macro   0x0000d49f       0x9c src/ASF/common/components/display/ssd1306/font.o
 .debug_macro   0x0000d53b       0x16 src/ASF/common/components/display/ssd1306/font.o
 .debug_macro   0x0000d551       0x35 src/ASF/common/components/display/ssd1306/font.o
 .debug_macro   0x0000d586      0x330 src/ASF/common/components/display/ssd1306/font.o
 .debug_macro   0x0000d8b6       0x10 src/ASF/common/components/display/ssd1306/font.o
 .debug_macro   0x0000d8c6       0x52 src/ASF/common/components/display/ssd1306/font.o
 .debug_macro   0x0000d918       0x16 src/ASF/common/components/display/ssd1306/font.o
 .debug_macro   0x0000d92e       0x43 src/ASF/common/components/display/ssd1306/font.o
 .debug_macro   0x0000d971      0x187 src/ASF/common/components/display/ssd1306/font.o
 .debug_macro   0x0000daf8       0x22 src/ASF/common/components/display/ssd1306/font.o
 .debug_macro   0x0000db1a       0x3a src/ASF/common/components/display/ssd1306/font.o
 .debug_macro   0x0000db54       0x10 src/ASF/common/components/display/ssd1306/font.o
 .debug_macro   0x0000db64       0x40 src/ASF/common/components/display/ssd1306/font.o
 .debug_macro   0x0000dba4       0x6c src/ASF/common/components/display/ssd1306/font.o
 .debug_macro   0x0000dc10       0x16 src/ASF/common/components/display/ssd1306/font.o
 .debug_macro   0x0000dc26      0x182 src/ASF/common/components/display/ssd1306/font.o
 .debug_macro   0x0000dda8       0x22 src/ASF/common/components/display/ssd1306/font.o
 .debug_macro   0x0000ddca       0x16 src/ASF/common/components/display/ssd1306/font.o
 .debug_macro   0x0000dde0       0x16 src/ASF/common/components/display/ssd1306/font.o
 .debug_macro   0x0000ddf6       0x29 src/ASF/common/components/display/ssd1306/font.o
 .debug_macro   0x0000de1f       0x75 src/ASF/common/components/display/ssd1306/font.o
 .debug_macro   0x0000de94       0x3f src/ASF/common/components/display/ssd1306/font.o
 .debug_macro   0x0000ded3      0x3ca src/ASF/common/components/display/ssd1306/font.o
 .debug_macro   0x0000e29d       0x10 src/ASF/common/components/display/ssd1306/font.o
 .debug_macro   0x0000e2ad      0x5f4 src/ASF/common/components/display/ssd1306/ssd1306.o
 .debug_macro   0x0000e8a1       0x28 src/ASF/common/components/display/ssd1306/ssd1306.o
 .debug_macro   0x0000e8c9      0x2aa src/ASF/common/components/display/ssd1306/ssd1306.o
 .debug_macro   0x0000eb73       0x22 src/ASF/common/components/display/ssd1306/ssd1306.o
 .debug_macro   0x0000eb95      0x8de src/ASF/common/components/display/ssd1306/ssd1306.o
 .debug_macro   0x0000f473       0x58 src/ASF/common/components/display/ssd1306/ssd1306.o
 .debug_macro   0x0000f4cb       0x64 src/ASF/common/components/display/ssd1306/ssd1306.o
 .debug_macro   0x0000f52f       0x46 src/ASF/common/components/display/ssd1306/ssd1306.o
 .debug_macro   0x0000f575       0x90 src/ASF/common/components/display/ssd1306/ssd1306.o
 .debug_macro   0x0000f605       0x88 src/ASF/common/components/display/ssd1306/ssd1306.o
 .debug_macro   0x0000f68d       0x28 src/ASF/common/components/display/ssd1306/ssd1306.o
 .debug_macro   0x0000f6b5       0x23 src/ASF/common/components/display/ssd1306/ssd1306.o
 .debug_macro   0x0000f6d8       0x3a src/ASF/common/components/display/ssd1306/ssd1306.o
 .debug_macro   0x0000f712       0xf1 src/ASF/common/components/display/ssd1306/ssd1306.o
 .debug_macro   0x0000f803       0x16 src/ASF/common/components/display/ssd1306/ssd1306.o
 .debug_macro   0x0000f819       0x28 src/ASF/common/components/display/ssd1306/ssd1306.o
 .debug_macro   0x0000f841       0x2e src/ASF/common/components/display/ssd1306/ssd1306.o
 .debug_macro   0x0000f86f       0x12 src/ASF/common/components/display/ssd1306/ssd1306.o
 .debug_macro   0x0000f881      0x508 src/ASF/common/services/delay/sam/cycle_counter.o
 .debug_macro   0x0000fd89       0x22 src/ASF/common/services/delay/sam/cycle_counter.o
 .debug_macro   0x0000fdab      0x5b5 src/ASF/common/services/spi/sam_spi/spi_master.o
 .debug_macro   0x00010360      0x515 src/ASF/sam/drivers/pwm/pwm.o
 .debug_macro   0x00010875      0x578 src/ASF/common/services/clock/sam4s/sysclk.o
 .debug_macro   0x00010ded      0x2a4 src/ASF/common/services/clock/sam4s/sysclk.o
 .debug_macro   0x00011091      0x5bd src/ASF/sam/boards/sam4s_xplained_pro/init.o
 .debug_macro   0x0001164e       0x94 src/ASF/sam/boards/sam4s_xplained_pro/init.o
 .debug_macro   0x000116e2       0x40 src/ASF/sam/boards/sam4s_xplained_pro/init.o
 .debug_macro   0x00011722       0x82 src/ASF/sam/boards/sam4s_xplained_pro/init.o
 .debug_macro   0x000117a4       0x10 src/ASF/sam/boards/sam4s_xplained_pro/init.o
 .debug_macro   0x000117b4      0x50e src/ASF/sam/drivers/pio/pio.o
 .debug_macro   0x00011cc2       0x8e src/ASF/sam/drivers/pio/pio.o
 .debug_macro   0x00011d50      0x518 src/ASF/sam/drivers/pio/pio_handler.o
 .debug_macro   0x00012268      0x50e src/ASF/sam/drivers/pmc/pmc.o
 .debug_macro   0x00012776       0x52 src/ASF/sam/drivers/pmc/pmc.o
 .debug_macro   0x000127c8      0x581 src/ASF/sam/drivers/spi/spi.o
 .debug_macro   0x00012d49       0x10 src/ASF/sam/drivers/spi/spi.o
 .debug_macro   0x00012d59      0x51b src/ASF/sam/drivers/wdt/wdt.o
 .debug_macro   0x00013274      0x325 src/ASF/sam/utils/cmsis/sam4s/source/templates/gcc/startup_sam4s.o
 .debug_macro   0x00013599      0x32d src/ASF/sam/utils/cmsis/sam4s/source/templates/system_sam4s.o
 .debug_macro   0x000138c6      0x6bc src/main.o
 .debug_macro   0x00013f82       0x10 src/main.o
 .debug_macro   0x00013f92       0x1c src/main.o
 .debug_macro   0x00013fae       0xff src/main.o
 .debug_macro   0x000140ad       0x10 src/main.o
 .debug_macro   0x000140bd       0x16 src/main.o

.debug_line     0x00000000     0xbfcc
 .debug_line    0x00000000      0xa70 src/ASF/common/components/display/ssd1306/font.o
 .debug_line    0x00000a70      0xe32 src/ASF/common/components/display/ssd1306/ssd1306.o
 .debug_line    0x000018a2      0xa8a src/ASF/common/services/delay/sam/cycle_counter.o
 .debug_line    0x0000232c      0xd97 src/ASF/common/services/spi/sam_spi/spi_master.o
 .debug_line    0x000030c3      0xdf5 src/ASF/sam/drivers/pwm/pwm.o
 .debug_line    0x00003eb8      0xbd8 src/ASF/common/services/clock/sam4s/sysclk.o
 .debug_line    0x00004a90      0xce9 src/ASF/sam/boards/sam4s_xplained_pro/init.o
 .debug_line    0x00005779      0xf0f src/ASF/sam/drivers/pio/pio.o
 .debug_line    0x00006688      0xb37 src/ASF/sam/drivers/pio/pio_handler.o
 .debug_line    0x000071bf     0x1033 src/ASF/sam/drivers/pmc/pmc.o
 .debug_line    0x000081f2      0xcec src/ASF/sam/drivers/spi/spi.o
 .debug_line    0x00008ede      0xad2 src/ASF/sam/drivers/wdt/wdt.o
 .debug_line    0x000099b0      0x889 src/ASF/sam/utils/cmsis/sam4s/source/templates/gcc/startup_sam4s.o
 .debug_line    0x0000a239      0x8a6 src/ASF/sam/utils/cmsis/sam4s/source/templates/system_sam4s.o
 .debug_line    0x0000aadf     0x14ed src/main.o

.debug_str      0x00000000    0x5346d
 .debug_str     0x00000000    0x4a94d src/ASF/common/components/display/ssd1306/font.o
                              0x4ac97 (size before relaxing)
 .debug_str     0x0004a94d     0x53ee src/ASF/common/components/display/ssd1306/ssd1306.o
                              0x4fc73 (size before relaxing)
 .debug_str     0x0004fd3b       0x35 src/ASF/common/services/delay/sam/cycle_counter.o
                              0x4a90b (size before relaxing)
 .debug_str     0x0004fd70      0x3e8 src/ASF/common/services/spi/sam_spi/spi_master.o
                              0x4eef0 (size before relaxing)
 .debug_str     0x00050158      0xb7d src/ASF/sam/drivers/pwm/pwm.o
                              0x4b386 (size before relaxing)
 .debug_str     0x00050cd5      0x20f src/ASF/common/services/clock/sam4s/sysclk.o
                              0x4ea46 (size before relaxing)
 .debug_str     0x00050ee4      0x773 src/ASF/sam/boards/sam4s_xplained_pro/init.o
                              0x4f50c (size before relaxing)
 .debug_str     0x00051657      0x5d2 src/ASF/sam/drivers/pio/pio.o
                              0x4b3ab (size before relaxing)
 .debug_str     0x00051c29      0x40b src/ASF/sam/drivers/pio/pio_handler.o
                              0x4b226 (size before relaxing)
 .debug_str     0x00052034      0x6d4 src/ASF/sam/drivers/pmc/pmc.o
                              0x4b1fa (size before relaxing)
 .debug_str     0x00052708      0x2d0 src/ASF/sam/drivers/spi/spi.o
                              0x4ebd0 (size before relaxing)
 .debug_str     0x000529d8       0xe9 src/ASF/sam/drivers/wdt/wdt.o
                              0x4a892 (size before relaxing)
 .debug_str     0x00052ac1      0x40e src/ASF/sam/utils/cmsis/sam4s/source/templates/gcc/startup_sam4s.o
                              0x3b6dc (size before relaxing)
 .debug_str     0x00052ecf       0xf1 src/ASF/sam/utils/cmsis/sam4s/source/templates/system_sam4s.o
                              0x3b4a5 (size before relaxing)
 .debug_str     0x00052fc0      0x4ad src/main.o
                              0x50d8e (size before relaxing)

.debug_loc      0x00000000     0x5f5b
 .debug_loc     0x00000000      0x31b src/ASF/common/components/display/ssd1306/ssd1306.o
 .debug_loc     0x0000031b      0xae9 src/ASF/common/services/spi/sam_spi/spi_master.o
 .debug_loc     0x00000e04      0xc69 src/ASF/sam/drivers/pwm/pwm.o
 .debug_loc     0x00001a6d      0x143 src/ASF/common/services/clock/sam4s/sysclk.o
 .debug_loc     0x00001bb0      0x21a src/ASF/sam/boards/sam4s_xplained_pro/init.o
 .debug_loc     0x00001dca      0xe94 src/ASF/sam/drivers/pio/pio.o
 .debug_loc     0x00002c5e      0x51e src/ASF/sam/drivers/pio/pio_handler.o
 .debug_loc     0x0000317c      0xe13 src/ASF/sam/drivers/pmc/pmc.o
 .debug_loc     0x00003f8f      0x61a src/ASF/sam/drivers/spi/spi.o
 .debug_loc     0x000045a9      0x166 src/ASF/sam/drivers/wdt/wdt.o
 .debug_loc     0x0000470f       0xc6 src/ASF/sam/utils/cmsis/sam4s/source/templates/gcc/startup_sam4s.o
 .debug_loc     0x000047d5     0x1786 src/main.o

.debug_ranges   0x00000000      0x968
 .debug_ranges  0x00000000       0x50 src/ASF/common/components/display/ssd1306/ssd1306.o
 .debug_ranges  0x00000050       0x10 src/ASF/common/services/delay/sam/cycle_counter.o
 .debug_ranges  0x00000060       0x58 src/ASF/common/services/spi/sam_spi/spi_master.o
 .debug_ranges  0x000000b8      0x148 src/ASF/sam/drivers/pwm/pwm.o
 .debug_ranges  0x00000200       0x20 src/ASF/common/services/clock/sam4s/sysclk.o
 .debug_ranges  0x00000220       0x10 src/ASF/sam/boards/sam4s_xplained_pro/init.o
 .debug_ranges  0x00000230      0x198 src/ASF/sam/drivers/pio/pio.o
 .debug_ranges  0x000003c8       0x48 src/ASF/sam/drivers/pio/pio_handler.o
 .debug_ranges  0x00000410      0x1f8 src/ASF/sam/drivers/pmc/pmc.o
 .debug_ranges  0x00000608       0x80 src/ASF/sam/drivers/spi/spi.o
 .debug_ranges  0x00000688       0x38 src/ASF/sam/drivers/wdt/wdt.o
 .debug_ranges  0x000006c0       0x18 src/ASF/sam/utils/cmsis/sam4s/source/templates/gcc/startup_sam4s.o
 .debug_ranges  0x000006d8       0x20 src/ASF/sam/utils/cmsis/sam4s/source/templates/system_sam4s.o
 .debug_ranges  0x000006f8      0x270 src/main.o

.debug_frame    0x00000000     0x1468
 .debug_frame   0x00000000       0x90 src/ASF/common/components/display/ssd1306/ssd1306.o
 .debug_frame   0x00000090       0x20 src/ASF/common/services/delay/sam/cycle_counter.o
 .debug_frame   0x000000b0       0xfc src/ASF/common/services/spi/sam_spi/spi_master.o
 .debug_frame   0x000001ac      0x308 src/ASF/sam/drivers/pwm/pwm.o
 .debug_frame   0x000004b4       0x58 src/ASF/common/services/clock/sam4s/sysclk.o
 .debug_frame   0x0000050c       0x30 src/ASF/sam/boards/sam4s_xplained_pro/init.o
 .debug_frame   0x0000053c      0x38c src/ASF/sam/drivers/pio/pio.o
 .debug_frame   0x000008c8       0xf4 src/ASF/sam/drivers/pio/pio_handler.o
 .debug_frame   0x000009bc      0x46c src/ASF/sam/drivers/pmc/pmc.o
 .debug_frame   0x00000e28      0x148 src/ASF/sam/drivers/spi/spi.o
 .debug_frame   0x00000f70       0x7c src/ASF/sam/drivers/wdt/wdt.o
 .debug_frame   0x00000fec       0x38 src/ASF/sam/utils/cmsis/sam4s/source/templates/gcc/startup_sam4s.o
 .debug_frame   0x00001024       0x40 src/ASF/sam/utils/cmsis/sam4s/source/templates/system_sam4s.o
 .debug_frame   0x00001064      0x244 src/main.o
 .debug_frame   0x000012a8       0x2c c:/program files (x86)/atmel/studio/7.0/toolchain/arm/arm-gnu-toolchain/bin/../lib/gcc/arm-none-eabi/5.3.1/../../../../arm-none-eabi/lib/armv7e-m\libc.a(lib_a-init.o)
 .debug_frame   0x000012d4       0x3c c:/program files (x86)/atmel/studio/7.0/toolchain/arm/arm-gnu-toolchain/bin/../lib/gcc/arm-none-eabi/5.3.1/../../../../arm-none-eabi/lib/armv7e-m\libc.a(lib_a-itoa.o)
 .debug_frame   0x00001310       0x34 c:/program files (x86)/atmel/studio/7.0/toolchain/arm/arm-gnu-toolchain/bin/../lib/gcc/arm-none-eabi/5.3.1/../../../../arm-none-eabi/lib/armv7e-m\libc.a(lib_a-memset.o)
 .debug_frame   0x00001344       0x4c c:/program files (x86)/atmel/studio/7.0/toolchain/arm/arm-gnu-toolchain/bin/../lib/gcc/arm-none-eabi/5.3.1/../../../../arm-none-eabi/lib/armv7e-m\libc.a(lib_a-utoa.o)
 .debug_frame   0x00001390       0x50 c:/program files (x86)/atmel/studio/7.0/toolchain/arm/arm-gnu-toolchain/bin/../lib/gcc/arm-none-eabi/5.3.1/../../../../arm-none-eabi/lib/armv7e-m\libc.a(lib_a-__call_atexit.o)
 .debug_frame   0x000013e0       0x20 c:/program files (x86)/atmel/studio/7.0/toolchain/arm/arm-gnu-toolchain/bin/../lib/gcc/arm-none-eabi/5.3.1/../../../../arm-none-eabi/lib/armv7e-m\libc.a(lib_a-atexit.o)
 .debug_frame   0x00001400       0x34 c:/program files (x86)/atmel/studio/7.0/toolchain/arm/arm-gnu-toolchain/bin/../lib/gcc/arm-none-eabi/5.3.1/../../../../arm-none-eabi/lib/armv7e-m\libc.a(lib_a-fini.o)
 .debug_frame   0x00001434       0x34 c:/program files (x86)/atmel/studio/7.0/toolchain/arm/arm-gnu-toolchain/bin/../lib/gcc/arm-none-eabi/5.3.1/../../../../arm-none-eabi/lib/armv7e-m\libc.a(lib_a-__atexit.o)

Cross Reference Table

Symbol                                            File
ACC_Handler                                       src/ASF/sam/utils/cmsis/sam4s/source/templates/gcc/startup_sam4s.o
ADC_Handler                                       src/ASF/sam/utils/cmsis/sam4s/source/templates/gcc/startup_sam4s.o
BusFault_Handler                                  src/ASF/sam/utils/cmsis/sam4s/source/templates/gcc/startup_sam4s.o
Button_Handler                                    src/main.o
CRCCU_Handler                                     src/ASF/sam/utils/cmsis/sam4s/source/templates/gcc/startup_sam4s.o
DACC_Handler                                      src/ASF/sam/utils/cmsis/sam4s/source/templates/gcc/startup_sam4s.o
DebugMon_Handler                                  src/ASF/sam/utils/cmsis/sam4s/source/templates/gcc/startup_sam4s.o
Dummy_Handler                                     src/ASF/sam/utils/cmsis/sam4s/source/templates/gcc/startup_sam4s.o
EFC0_Handler                                      src/ASF/sam/utils/cmsis/sam4s/source/templates/gcc/startup_sam4s.o
EFC1_Handler                                      src/ASF/sam/utils/cmsis/sam4s/source/templates/gcc/startup_sam4s.o
Font08px_123                                      src/ASF/common/components/display/ssd1306/font.o
Font08px_124                                      src/ASF/common/components/display/ssd1306/font.o
Font08px_125                                      src/ASF/common/components/display/ssd1306/font.o
Font08px_126                                      src/ASF/common/components/display/ssd1306/font.o
Font08px_32                                       src/ASF/common/components/display/ssd1306/font.o
Font08px_33                                       src/ASF/common/components/display/ssd1306/font.o
Font08px_34                                       src/ASF/common/components/display/ssd1306/font.o
Font08px_35                                       src/ASF/common/components/display/ssd1306/font.o
Font08px_36                                       src/ASF/common/components/display/ssd1306/font.o
Font08px_37                                       src/ASF/common/components/display/ssd1306/font.o
Font08px_38                                       src/ASF/common/components/display/ssd1306/font.o
Font08px_39                                       src/ASF/common/components/display/ssd1306/font.o
Font08px_40                                       src/ASF/common/components/display/ssd1306/font.o
Font08px_41                                       src/ASF/common/components/display/ssd1306/font.o
Font08px_42                                       src/ASF/common/components/display/ssd1306/font.o
Font08px_43                                       src/ASF/common/components/display/ssd1306/font.o
Font08px_44                                       src/ASF/common/components/display/ssd1306/font.o
Font08px_45                                       src/ASF/common/components/display/ssd1306/font.o
Font08px_46                                       src/ASF/common/components/display/ssd1306/font.o
Font08px_47                                       src/ASF/common/components/display/ssd1306/font.o
Font08px_58                                       src/ASF/common/components/display/ssd1306/font.o
Font08px_59                                       src/ASF/common/components/display/ssd1306/font.o
Font08px_60                                       src/ASF/common/components/display/ssd1306/font.o
Font08px_61                                       src/ASF/common/components/display/ssd1306/font.o
Font08px_62                                       src/ASF/common/components/display/ssd1306/font.o
Font08px_63                                       src/ASF/common/components/display/ssd1306/font.o
Font08px_64                                       src/ASF/common/components/display/ssd1306/font.o
Font08px_91                                       src/ASF/common/components/display/ssd1306/font.o
Font08px_92                                       src/ASF/common/components/display/ssd1306/font.o
Font08px_93                                       src/ASF/common/components/display/ssd1306/font.o
Font08px_94                                       src/ASF/common/components/display/ssd1306/font.o
Font08px_95                                       src/ASF/common/components/display/ssd1306/font.o
Font08px_96                                       src/ASF/common/components/display/ssd1306/font.o
Font08px_N0                                       src/ASF/common/components/display/ssd1306/font.o
Font08px_N1                                       src/ASF/common/components/display/ssd1306/font.o
Font08px_N2                                       src/ASF/common/components/display/ssd1306/font.o
Font08px_N3                                       src/ASF/common/components/display/ssd1306/font.o
Font08px_N4                                       src/ASF/common/components/display/ssd1306/font.o
Font08px_N5                                       src/ASF/common/components/display/ssd1306/font.o
Font08px_N6                                       src/ASF/common/components/display/ssd1306/font.o
Font08px_N7                                       src/ASF/common/components/display/ssd1306/font.o
Font08px_N8                                       src/ASF/common/components/display/ssd1306/font.o
Font08px_N9                                       src/ASF/common/components/display/ssd1306/font.o
Font08px_UA                                       src/ASF/common/components/display/ssd1306/font.o
Font08px_UB                                       src/ASF/common/components/display/ssd1306/font.o
Font08px_UC                                       src/ASF/common/components/display/ssd1306/font.o
Font08px_UD                                       src/ASF/common/components/display/ssd1306/font.o
Font08px_UE                                       src/ASF/common/components/display/ssd1306/font.o
Font08px_UF                                       src/ASF/common/components/display/ssd1306/font.o
Font08px_UG                                       src/ASF/common/components/display/ssd1306/font.o
Font08px_UH                                       src/ASF/common/components/display/ssd1306/font.o
Font08px_UI                                       src/ASF/common/components/display/ssd1306/font.o
Font08px_UJ                                       src/ASF/common/components/display/ssd1306/font.o
Font08px_UK                                       src/ASF/common/components/display/ssd1306/font.o
Font08px_UL                                       src/ASF/common/components/display/ssd1306/font.o
Font08px_UM                                       src/ASF/common/components/display/ssd1306/font.o
Font08px_UN                                       src/ASF/common/components/display/ssd1306/font.o
Font08px_UO                                       src/ASF/common/components/display/ssd1306/font.o
Font08px_UP                                       src/ASF/common/components/display/ssd1306/font.o
Font08px_UQ                                       src/ASF/common/components/display/ssd1306/font.o
Font08px_UR                                       src/ASF/common/components/display/ssd1306/font.o
Font08px_US                                       src/ASF/common/components/display/ssd1306/font.o
Font08px_UT                                       src/ASF/common/components/display/ssd1306/font.o
Font08px_UU                                       src/ASF/common/components/display/ssd1306/font.o
Font08px_UV                                       src/ASF/common/components/display/ssd1306/font.o
Font08px_UW                                       src/ASF/common/components/display/ssd1306/font.o
Font08px_UX                                       src/ASF/common/components/display/ssd1306/font.o
Font08px_UY                                       src/ASF/common/components/display/ssd1306/font.o
Font08px_UZ                                       src/ASF/common/components/display/ssd1306/font.o
Font08px_la                                       src/ASF/common/components/display/ssd1306/font.o
Font08px_lb                                       src/ASF/common/components/display/ssd1306/font.o
Font08px_lc                                       src/ASF/common/components/display/ssd1306/font.o
Font08px_ld                                       src/ASF/common/components/display/ssd1306/font.o
Font08px_le                                       src/ASF/common/components/display/ssd1306/font.o
Font08px_lf                                       src/ASF/common/components/display/ssd1306/font.o
Font08px_lg                                       src/ASF/common/components/display/ssd1306/font.o
Font08px_lh                                       src/ASF/common/components/display/ssd1306/font.o
Font08px_li                                       src/ASF/common/components/display/ssd1306/font.o
Font08px_lj                                       src/ASF/common/components/display/ssd1306/font.o
Font08px_lk                                       src/ASF/common/components/display/ssd1306/font.o
Font08px_ll                                       src/ASF/common/components/display/ssd1306/font.o
Font08px_lm                                       src/ASF/common/components/display/ssd1306/font.o
Font08px_ln                                       src/ASF/common/components/display/ssd1306/font.o
Font08px_lo                                       src/ASF/common/components/display/ssd1306/font.o
Font08px_lp                                       src/ASF/common/components/display/ssd1306/font.o
Font08px_lq                                       src/ASF/common/components/display/ssd1306/font.o
Font08px_lr                                       src/ASF/common/components/display/ssd1306/font.o
Font08px_ls                                       src/ASF/common/components/display/ssd1306/font.o
Font08px_lt                                       src/ASF/common/components/display/ssd1306/font.o
Font08px_lu                                       src/ASF/common/components/display/ssd1306/font.o
Font08px_lv                                       src/ASF/common/components/display/ssd1306/font.o
Font08px_lw                                       src/ASF/common/components/display/ssd1306/font.o
Font08px_lx                                       src/ASF/common/components/display/ssd1306/font.o
Font08px_ly                                       src/ASF/common/components/display/ssd1306/font.o
Font08px_lz                                       src/ASF/common/components/display/ssd1306/font.o
HSMCI_Handler                                     src/ASF/sam/utils/cmsis/sam4s/source/templates/gcc/startup_sam4s.o
HardFault_Handler                                 src/ASF/sam/utils/cmsis/sam4s/source/templates/gcc/startup_sam4s.o
MemManage_Handler                                 src/ASF/sam/utils/cmsis/sam4s/source/templates/gcc/startup_sam4s.o
NMI_Handler                                       src/ASF/sam/utils/cmsis/sam4s/source/templates/gcc/startup_sam4s.o
PIOA_Handler                                      src/ASF/sam/drivers/pio/pio_handler.o
PIOB_Handler                                      src/ASF/sam/drivers/pio/pio_handler.o
PIOC_Handler                                      src/ASF/sam/drivers/pio/pio_handler.o
PMC_Handler                                       src/ASF/sam/utils/cmsis/sam4s/source/templates/gcc/startup_sam4s.o
PWM_Handler                                       src/ASF/sam/utils/cmsis/sam4s/source/templates/gcc/startup_sam4s.o
PendSV_Handler                                    src/ASF/sam/utils/cmsis/sam4s/source/templates/gcc/startup_sam4s.o
RSTC_Handler                                      src/ASF/sam/utils/cmsis/sam4s/source/templates/gcc/startup_sam4s.o
RTC_Handler                                       src/ASF/sam/utils/cmsis/sam4s/source/templates/gcc/startup_sam4s.o
RTT_Handler                                       src/ASF/sam/utils/cmsis/sam4s/source/templates/gcc/startup_sam4s.o
Reset_Handler                                     src/ASF/sam/utils/cmsis/sam4s/source/templates/gcc/startup_sam4s.o
SPI_Handler                                       src/ASF/sam/utils/cmsis/sam4s/source/templates/gcc/startup_sam4s.o
SSC_Handler                                       src/ASF/sam/utils/cmsis/sam4s/source/templates/gcc/startup_sam4s.o
SUPC_Handler                                      src/ASF/sam/utils/cmsis/sam4s/source/templates/gcc/startup_sam4s.o
SVC_Handler                                       src/ASF/sam/utils/cmsis/sam4s/source/templates/gcc/startup_sam4s.o
SysTick_Handler                                   src/ASF/sam/utils/cmsis/sam4s/source/templates/gcc/startup_sam4s.o
SystemCoreClock                                   src/ASF/sam/utils/cmsis/sam4s/source/templates/system_sam4s.o
SystemCoreClockUpdate                             src/ASF/sam/utils/cmsis/sam4s/source/templates/system_sam4s.o
                                                  src/ASF/common/services/clock/sam4s/sysclk.o
SystemInit                                        src/ASF/sam/utils/cmsis/sam4s/source/templates/system_sam4s.o
TC0_Handler                                       src/ASF/sam/utils/cmsis/sam4s/source/templates/gcc/startup_sam4s.o
TC1_Handler                                       src/ASF/sam/utils/cmsis/sam4s/source/templates/gcc/startup_sam4s.o
TC2_Handler                                       src/ASF/sam/utils/cmsis/sam4s/source/templates/gcc/startup_sam4s.o
TC3_Handler                                       src/ASF/sam/utils/cmsis/sam4s/source/templates/gcc/startup_sam4s.o
TC4_Handler                                       src/ASF/sam/utils/cmsis/sam4s/source/templates/gcc/startup_sam4s.o
TC5_Handler                                       src/ASF/sam/utils/cmsis/sam4s/source/templates/gcc/startup_sam4s.o
TWI0_Handler                                      src/ASF/sam/utils/cmsis/sam4s/source/templates/gcc/startup_sam4s.o
TWI1_Handler                                      src/ASF/sam/utils/cmsis/sam4s/source/templates/gcc/startup_sam4s.o
UART0_Handler                                     src/ASF/sam/utils/cmsis/sam4s/source/templates/gcc/startup_sam4s.o
UART1_Handler                                     src/ASF/sam/utils/cmsis/sam4s/source/templates/gcc/startup_sam4s.o
UDP_Handler                                       src/ASF/sam/utils/cmsis/sam4s/source/templates/gcc/startup_sam4s.o
USART0_Handler                                    src/ASF/sam/utils/cmsis/sam4s/source/templates/gcc/startup_sam4s.o
USART1_Handler                                    src/ASF/sam/utils/cmsis/sam4s/source/templates/gcc/startup_sam4s.o
UsageFault_Handler                                src/ASF/sam/utils/cmsis/sam4s/source/templates/gcc/startup_sam4s.o
WDT_Handler                                       src/ASF/sam/utils/cmsis/sam4s/source/templates/gcc/startup_sam4s.o
_Jv_RegisterClasses                               c:/program files (x86)/atmel/studio/7.0/toolchain/arm/arm-gnu-toolchain/bin/../lib/gcc/arm-none-eabi/5.3.1/armv7e-m/crtbegin.o
_PathLocale                                       c:/program files (x86)/atmel/studio/7.0/toolchain/arm/arm-gnu-toolchain/bin/../lib/gcc/arm-none-eabi/5.3.1/../../../../arm-none-eabi/lib/armv7e-m\libc.a(lib_a-locale.o)
__aeabi_idiv0                                     c:/program files (x86)/atmel/studio/7.0/toolchain/arm/arm-gnu-toolchain/bin/../lib/gcc/arm-none-eabi/5.3.1/armv7e-m\libgcc.a(_dvmd_tls.o)
__aeabi_ldiv0                                     c:/program files (x86)/atmel/studio/7.0/toolchain/arm/arm-gnu-toolchain/bin/../lib/gcc/arm-none-eabi/5.3.1/armv7e-m\libgcc.a(_dvmd_tls.o)
                                                  c:/program files (x86)/atmel/studio/7.0/toolchain/arm/arm-gnu-toolchain/bin/../lib/gcc/arm-none-eabi/5.3.1/armv7e-m\libgcc.a(_aeabi_uldivmod.o)
__aeabi_uldivmod                                  c:/program files (x86)/atmel/studio/7.0/toolchain/arm/arm-gnu-toolchain/bin/../lib/gcc/arm-none-eabi/5.3.1/armv7e-m\libgcc.a(_aeabi_uldivmod.o)
                                                  c:/program files (x86)/atmel/studio/7.0/toolchain/arm/arm-gnu-toolchain/bin/../lib/gcc/arm-none-eabi/5.3.1/../../../../arm-none-eabi/lib/armv7e-m\libc.a(lib_a-vfiprintf.o)
__ascii_wctomb                                    c:/program files (x86)/atmel/studio/7.0/toolchain/arm/arm-gnu-toolchain/bin/../lib/gcc/arm-none-eabi/5.3.1/../../../../arm-none-eabi/lib/armv7e-m\libc.a(lib_a-wctomb_r.o)
__bss_end__                                       c:/program files (x86)/atmel/studio/7.0/toolchain/arm/arm-gnu-toolchain/bin/../lib/gcc/arm-none-eabi/5.3.1/../../../../arm-none-eabi/lib/armv7e-m/crt0.o
__bss_start__                                     c:/program files (x86)/atmel/studio/7.0/toolchain/arm/arm-gnu-toolchain/bin/../lib/gcc/arm-none-eabi/5.3.1/../../../../arm-none-eabi/lib/armv7e-m/crt0.o
__call_exitprocs                                  c:/program files (x86)/atmel/studio/7.0/toolchain/arm/arm-gnu-toolchain/bin/../lib/gcc/arm-none-eabi/5.3.1/../../../../arm-none-eabi/lib/armv7e-m\libc.a(lib_a-__call_atexit.o)
                                                  c:/program files (x86)/atmel/studio/7.0/toolchain/arm/arm-gnu-toolchain/bin/../lib/gcc/arm-none-eabi/5.3.1/../../../../arm-none-eabi/lib/armv7e-m\libc.a(lib_a-exit.o)
__deregister_frame_info                           c:/program files (x86)/atmel/studio/7.0/toolchain/arm/arm-gnu-toolchain/bin/../lib/gcc/arm-none-eabi/5.3.1/armv7e-m/crtbegin.o
__dso_handle                                      c:/program files (x86)/atmel/studio/7.0/toolchain/arm/arm-gnu-toolchain/bin/../lib/gcc/arm-none-eabi/5.3.1/armv7e-m/crtbegin.o
__fini_array_end                                  c:/program files (x86)/atmel/studio/7.0/toolchain/arm/arm-gnu-toolchain/bin/../lib/gcc/arm-none-eabi/5.3.1/../../../../arm-none-eabi/lib/armv7e-m\libc.a(lib_a-fini.o)
__fini_array_start                                c:/program files (x86)/atmel/studio/7.0/toolchain/arm/arm-gnu-toolchain/bin/../lib/gcc/arm-none-eabi/5.3.1/../../../../arm-none-eabi/lib/armv7e-m\libc.a(lib_a-fini.o)
__fp_lock_all                                     c:/program files (x86)/atmel/studio/7.0/toolchain/arm/arm-gnu-toolchain/bin/../lib/gcc/arm-none-eabi/5.3.1/../../../../arm-none-eabi/lib/armv7e-m\libc.a(lib_a-findfp.o)
__fp_unlock_all                                   c:/program files (x86)/atmel/studio/7.0/toolchain/arm/arm-gnu-toolchain/bin/../lib/gcc/arm-none-eabi/5.3.1/../../../../arm-none-eabi/lib/armv7e-m\libc.a(lib_a-findfp.o)
__fputwc                                          c:/program files (x86)/atmel/studio/7.0/toolchain/arm/arm-gnu-toolchain/bin/../lib/gcc/arm-none-eabi/5.3.1/../../../../arm-none-eabi/lib/armv7e-m\libc.a(lib_a-fputwc.o)
__init_array_end                                  c:/program files (x86)/atmel/studio/7.0/toolchain/arm/arm-gnu-toolchain/bin/../lib/gcc/arm-none-eabi/5.3.1/../../../../arm-none-eabi/lib/armv7e-m\libc.a(lib_a-init.o)
__init_array_start                                c:/program files (x86)/atmel/studio/7.0/toolchain/arm/arm-gnu-toolchain/bin/../lib/gcc/arm-none-eabi/5.3.1/../../../../arm-none-eabi/lib/armv7e-m\libc.a(lib_a-init.o)
__itoa                                            c:/program files (x86)/atmel/studio/7.0/toolchain/arm/arm-gnu-toolchain/bin/../lib/gcc/arm-none-eabi/5.3.1/../../../../arm-none-eabi/lib/armv7e-m\libc.a(lib_a-itoa.o)